Archive member included to satisfy reference by file (symbol)

/opt/st/stm32cubeclt_1.16.0/GNU-tools-for-STM32/bin/../lib/gcc/arm-none-eabi/12.3.1/../../../../arm-none-eabi/lib/thumb/v7e-m+fp/hard/libm.a(libm_a-s_sin.o)
                              CMakeFiles/odrive_make_project.dir/Lib/LED_PWM/Src/LED_PWM.cpp.obj (sin)
/opt/st/stm32cubeclt_1.16.0/GNU-tools-for-STM32/bin/../lib/gcc/arm-none-eabi/12.3.1/../../../../arm-none-eabi/lib/thumb/v7e-m+fp/hard/libm.a(libm_a-k_cos.o)
                              /opt/st/stm32cubeclt_1.16.0/GNU-tools-for-STM32/bin/../lib/gcc/arm-none-eabi/12.3.1/../../../../arm-none-eabi/lib/thumb/v7e-m+fp/hard/libm.a(libm_a-s_sin.o) (__kernel_cos)
/opt/st/stm32cubeclt_1.16.0/GNU-tools-for-STM32/bin/../lib/gcc/arm-none-eabi/12.3.1/../../../../arm-none-eabi/lib/thumb/v7e-m+fp/hard/libm.a(libm_a-k_sin.o)
                              /opt/st/stm32cubeclt_1.16.0/GNU-tools-for-STM32/bin/../lib/gcc/arm-none-eabi/12.3.1/../../../../arm-none-eabi/lib/thumb/v7e-m+fp/hard/libm.a(libm_a-s_sin.o) (__kernel_sin)
/opt/st/stm32cubeclt_1.16.0/GNU-tools-for-STM32/bin/../lib/gcc/arm-none-eabi/12.3.1/../../../../arm-none-eabi/lib/thumb/v7e-m+fp/hard/libm.a(libm_a-e_rem_pio2.o)
                              /opt/st/stm32cubeclt_1.16.0/GNU-tools-for-STM32/bin/../lib/gcc/arm-none-eabi/12.3.1/../../../../arm-none-eabi/lib/thumb/v7e-m+fp/hard/libm.a(libm_a-s_sin.o) (__ieee754_rem_pio2)
/opt/st/stm32cubeclt_1.16.0/GNU-tools-for-STM32/bin/../lib/gcc/arm-none-eabi/12.3.1/../../../../arm-none-eabi/lib/thumb/v7e-m+fp/hard/libm.a(libm_a-s_fabs.o)
                              /opt/st/stm32cubeclt_1.16.0/GNU-tools-for-STM32/bin/../lib/gcc/arm-none-eabi/12.3.1/../../../../arm-none-eabi/lib/thumb/v7e-m+fp/hard/libm.a(libm_a-e_rem_pio2.o) (fabs)
/opt/st/stm32cubeclt_1.16.0/GNU-tools-for-STM32/bin/../lib/gcc/arm-none-eabi/12.3.1/../../../../arm-none-eabi/lib/thumb/v7e-m+fp/hard/libm.a(libm_a-k_rem_pio2.o)
                              /opt/st/stm32cubeclt_1.16.0/GNU-tools-for-STM32/bin/../lib/gcc/arm-none-eabi/12.3.1/../../../../arm-none-eabi/lib/thumb/v7e-m+fp/hard/libm.a(libm_a-e_rem_pio2.o) (__kernel_rem_pio2)
/opt/st/stm32cubeclt_1.16.0/GNU-tools-for-STM32/bin/../lib/gcc/arm-none-eabi/12.3.1/../../../../arm-none-eabi/lib/thumb/v7e-m+fp/hard/libm.a(libm_a-s_scalbn.o)
                              /opt/st/stm32cubeclt_1.16.0/GNU-tools-for-STM32/bin/../lib/gcc/arm-none-eabi/12.3.1/../../../../arm-none-eabi/lib/thumb/v7e-m+fp/hard/libm.a(libm_a-k_rem_pio2.o) (scalbn)
/opt/st/stm32cubeclt_1.16.0/GNU-tools-for-STM32/bin/../lib/gcc/arm-none-eabi/12.3.1/../../../../arm-none-eabi/lib/thumb/v7e-m+fp/hard/libm.a(libm_a-s_floor.o)
                              /opt/st/stm32cubeclt_1.16.0/GNU-tools-for-STM32/bin/../lib/gcc/arm-none-eabi/12.3.1/../../../../arm-none-eabi/lib/thumb/v7e-m+fp/hard/libm.a(libm_a-k_rem_pio2.o) (floor)
/opt/st/stm32cubeclt_1.16.0/GNU-tools-for-STM32/bin/../lib/gcc/arm-none-eabi/12.3.1/../../../../arm-none-eabi/lib/thumb/v7e-m+fp/hard/libc_nano.a(libc_a-exit.o)
                              /opt/st/stm32cubeclt_1.16.0/GNU-tools-for-STM32/bin/../lib/gcc/arm-none-eabi/12.3.1/../../../../arm-none-eabi/lib/thumb/v7e-m+fp/hard/crt0.o (exit)
/opt/st/stm32cubeclt_1.16.0/GNU-tools-for-STM32/bin/../lib/gcc/arm-none-eabi/12.3.1/../../../../arm-none-eabi/lib/thumb/v7e-m+fp/hard/libc_nano.a(libc_a-findfp.o)
                              /opt/st/stm32cubeclt_1.16.0/GNU-tools-for-STM32/bin/../lib/gcc/arm-none-eabi/12.3.1/../../../../arm-none-eabi/lib/thumb/v7e-m+fp/hard/libc_nano.a(libc_a-exit.o) (__stdio_exit_handler)
/opt/st/stm32cubeclt_1.16.0/GNU-tools-for-STM32/bin/../lib/gcc/arm-none-eabi/12.3.1/../../../../arm-none-eabi/lib/thumb/v7e-m+fp/hard/libc_nano.a(libc_a-fwalk.o)
                              /opt/st/stm32cubeclt_1.16.0/GNU-tools-for-STM32/bin/../lib/gcc/arm-none-eabi/12.3.1/../../../../arm-none-eabi/lib/thumb/v7e-m+fp/hard/libc_nano.a(libc_a-findfp.o) (_fwalk_sglue)
/opt/st/stm32cubeclt_1.16.0/GNU-tools-for-STM32/bin/../lib/gcc/arm-none-eabi/12.3.1/../../../../arm-none-eabi/lib/thumb/v7e-m+fp/hard/libc_nano.a(libc_a-snprintf.o)
                              CMakeFiles/odrive_make_project.dir/Src/main.cpp.obj (snprintf)
/opt/st/stm32cubeclt_1.16.0/GNU-tools-for-STM32/bin/../lib/gcc/arm-none-eabi/12.3.1/../../../../arm-none-eabi/lib/thumb/v7e-m+fp/hard/libc_nano.a(libc_a-stdio.o)
                              /opt/st/stm32cubeclt_1.16.0/GNU-tools-for-STM32/bin/../lib/gcc/arm-none-eabi/12.3.1/../../../../arm-none-eabi/lib/thumb/v7e-m+fp/hard/libc_nano.a(libc_a-findfp.o) (__sread)
/opt/st/stm32cubeclt_1.16.0/GNU-tools-for-STM32/bin/../lib/gcc/arm-none-eabi/12.3.1/../../../../arm-none-eabi/lib/thumb/v7e-m+fp/hard/libc_nano.a(libc_a-memset.o)
                              /opt/st/stm32cubeclt_1.16.0/GNU-tools-for-STM32/bin/../lib/gcc/arm-none-eabi/12.3.1/../../../../arm-none-eabi/lib/thumb/v7e-m+fp/hard/crt0.o (memset)
[...]
Memory Configuration

Name             Origin             Length             Attributes
RAM              0x20000000         0x00020000         xrw
FLASH            0x08000000         0x00080000         xr
*default*        0x00000000         0xffffffff

Linker script and memory map

LOAD /opt/st/stm32cubeclt_1.16.0/GNU-tools-for-STM32/bin/../lib/gcc/arm-none-eabi/12.3.1/thumb/v7e-m+fp/hard/crti.o
LOAD /opt/st/stm32cubeclt_1.16.0/GNU-tools-for-STM32/bin/../lib/gcc/arm-none-eabi/12.3.1/thumb/v7e-m+fp/hard/crtbegin.o
LOAD /opt/st/stm32cubeclt_1.16.0/GNU-tools-for-STM32/bin/../lib/gcc/arm-none-eabi/12.3.1/../../../../arm-none-eabi/lib/thumb/v7e-m+fp/hard/crt0.o
START GROUP
END GROUP
START GROUP
LOAD /opt/st/stm32cubeclt_1.16.0/GNU-tools-for-STM32/bin/../lib/gcc/arm-none-eabi/12.3.1/../../../../arm-none-eabi/lib/thumb/v7e-m+fp/hard/libstdc++_nano.a
LOAD /opt/st/stm32cubeclt_1.16.0/GNU-tools-for-STM32/bin/../lib/gcc/arm-none-eabi/12.3.1/../../../../arm-none-eabi/lib/thumb/v7e-m+fp/hard/libsupc++_nano.a
END GROUP
LOAD CMakeFiles/odrive_make_project.dir/Src/main.cpp.obj
LOAD CMakeFiles/odrive_make_project.dir/Lib/LED/Src/LED.cpp.obj
LOAD CMakeFiles/odrive_make_project.dir/Lib/LED_PWM/Src/LED_PWM.cpp.obj
LOAD CMakeFiles/odrive_make_project.dir/Lib/PWMController/Src/PWMController.cpp.obj
LOAD CMakeFiles/odrive_make_project.dir/Lib/SPI/Src/SPI_Master.cpp.obj
LOAD CMakeFiles/odrive_make_project.dir/Lib/SPI/Src/SPI_Slave.cpp.obj
LOAD CMakeFiles/odrive_make_project.dir/Lib/ThreePhasePWM/Src/ThreePhasePWM.cpp.obj
LOAD CMakeFiles/odrive_make_project.dir/Lib/UART/Src/UART_Handler.cpp.obj
LOAD CMakeFiles/odrive_make_project.dir/Core/Src/main.c.obj
LOAD CMakeFiles/odrive_make_project.dir/Core/Src/gpio.c.obj
LOAD CMakeFiles/odrive_make_project.dir/Core/Src/dma.c.obj
LOAD CMakeFiles/odrive_make_project.dir/Core/Src/spi.c.obj
LOAD CMakeFiles/odrive_make_project.dir/Core/Src/tim.c.obj
LOAD CMakeFiles/odrive_make_project.dir/Core/Src/usart.c.obj
LOAD CMakeFiles/odrive_make_project.dir/Core/Src/stm32f4xx_it.c.obj
LOAD CMakeFiles/odrive_make_project.dir/Core/Src/stm32f4xx_hal_msp.c.obj
LOAD CMakeFiles/odrive_make_project.dir/Drivers/STM32F4xx_HAL_Driver/Src/stm32f4xx_hal_spi.c.obj
LOAD CMakeFiles/odrive_make_project.dir/Drivers/STM32F4xx_HAL_Driver/Src/stm32f4xx_hal_rcc.c.obj
LOAD CMakeFiles/odrive_make_project.dir/Drivers/STM32F4xx_HAL_Driver/Src/stm32f4xx_hal_rcc_ex.c.obj
LOAD CMakeFiles/odrive_make_project.dir/Drivers/STM32F4xx_HAL_Driver/Src/stm32f4xx_hal_flash.c.obj
LOAD CMakeFiles/odrive_make_project.dir/Drivers/STM32F4xx_HAL_Driver/Src/stm32f4xx_hal_flash_ex.c.obj
LOAD CMakeFiles/odrive_make_project.dir/Drivers/STM32F4xx_HAL_Driver/Src/stm32f4xx_hal_flash_ramfunc.c.obj
LOAD CMakeFiles/odrive_make_project.dir/Drivers/STM32F4xx_HAL_Driver/Src/stm32f4xx_hal_gpio.c.obj
LOAD CMakeFiles/odrive_make_project.dir/Drivers/STM32F4xx_HAL_Driver/Src/stm32f4xx_hal_dma_ex.c.obj
LOAD CMakeFiles/odrive_make_project.dir/Drivers/STM32F4xx_HAL_Driver/Src/stm32f4xx_hal_dma.c.obj
LOAD CMakeFiles/odrive_make_project.dir/Drivers/STM32F4xx_HAL_Driver/Src/stm32f4xx_hal_pwr.c.obj
LOAD CMakeFiles/odrive_make_project.dir/Drivers/STM32F4xx_HAL_Driver/Src/stm32f4xx_hal_pwr_ex.c.obj
LOAD CMakeFiles/odrive_make_project.dir/Drivers/STM32F4xx_HAL_Driver/Src/stm32f4xx_hal_cortex.c.obj
LOAD CMakeFiles/odrive_make_project.dir/Drivers/STM32F4xx_HAL_Driver/Src/stm32f4xx_hal.c.obj
LOAD CMakeFiles/odrive_make_project.dir/Drivers/STM32F4xx_HAL_Driver/Src/stm32f4xx_hal_exti.c.obj
LOAD CMakeFiles/odrive_make_project.dir/Drivers/STM32F4xx_HAL_Driver/Src/stm32f4xx_hal_tim.c.obj
LOAD CMakeFiles/odrive_make_project.dir/Drivers/STM32F4xx_HAL_Driver/Src/stm32f4xx_hal_tim_ex.c.obj
LOAD CMakeFiles/odrive_make_project.dir/Drivers/STM32F4xx_HAL_Driver/Src/stm32f4xx_hal_uart.c.obj
LOAD CMakeFiles/odrive_make_project.dir/Core/Src/system_stm32f4xx.c.obj
LOAD CMakeFiles/odrive_make_project.dir/Core/Src/sysmem.c.obj
LOAD CMakeFiles/odrive_make_project.dir/Core/Src/syscalls.c.obj
LOAD CMakeFiles/odrive_make_project.dir/startup_stm32f446xx.s.obj
LOAD /opt/st/stm32cubeclt_1.16.0/GNU-tools-for-STM32/bin/../lib/gcc/arm-none-eabi/12.3.1/../../../../arm-none-eabi/lib/thumb/v7e-m+fp/hard/libstdc++_nano.a
LOAD /opt/st/stm32cubeclt_1.16.0/GNU-tools-for-STM32/bin/../lib/gcc/arm-none-eabi/12.3.1/../../../../arm-none-eabi/lib/thumb/v7e-m+fp/hard/libm.a
LOAD /opt/st/stm32cubeclt_1.16.0/GNU-tools-for-STM32/bin/../lib/gcc/arm-none-eabi/12.3.1/../../../../arm-none-eabi/lib/thumb/v7e-m+fp/hard/libc_nano.a
START GROUP
LOAD /opt/st/stm32cubeclt_1.16.0/GNU-tools-for-STM32/bin/../lib/gcc/arm-none-eabi/12.3.1/thumb/v7e-m+fp/hard/libgcc.a
LOAD /opt/st/stm32cubeclt_1.16.0/GNU-tools-for-STM32/bin/../lib/gcc/arm-none-eabi/12.3.1/../../../../arm-none-eabi/lib/thumb/v7e-m+fp/hard/libg_nano.a
LOAD /opt/st/stm32cubeclt_1.16.0/GNU-tools-for-STM32/bin/../lib/gcc/arm-none-eabi/12.3.1/../../../../arm-none-eabi/lib/thumb/v7e-m+fp/hard/libc_nano.a
END GROUP
START GROUP
LOAD /opt/st/stm32cubeclt_1.16.0/GNU-tools-for-STM32/bin/../lib/gcc/arm-none-eabi/12.3.1/thumb/v7e-m+fp/hard/libgcc.a
LOAD /opt/st/stm32cubeclt_1.16.0/GNU-tools-for-STM32/bin/../lib/gcc/arm-none-eabi/12.3.1/../../../../arm-none-eabi/lib/thumb/v7e-m+fp/hard/libc_nano.a
END GROUP
LOAD /opt/st/stm32cubeclt_1.16.0/GNU-tools-for-STM32/bin/../lib/gcc/arm-none-eabi/12.3.1/thumb/v7e-m+fp/hard/crtend.o
LOAD /opt/st/stm32cubeclt_1.16.0/GNU-tools-for-STM32/bin/../lib/gcc/arm-none-eabi/12.3.1/thumb/v7e-m+fp/hard/crtn.o
                0x20020000                        _estack = (ORIGIN (RAM) + LENGTH (RAM))
                0x00000200                        _Min_Heap_Size = 0x200
                0x00000400                        _Min_Stack_Size = 0x400

.isr_vector     0x08000000      0x1c4
                0x08000000                        . = ALIGN (0x4)
 *(.isr_vector)
 .isr_vector    0x08000000      0x1c4 CMakeFiles/odrive_make_project.dir/startup_stm32f446xx.s.obj
                0x08000000                g_pfnVectors
                0x080001c4                        . = ALIGN (0x4)

.text           0x080001d0     0x8008
                0x080001d0                        . = ALIGN (0x4)
 *(.text)
 .text          0x080001d0       0x40 /opt/st/stm32cubeclt_1.16.0/GNU-tools-for-STM32/bin/../lib/gcc/arm-none-eabi/12.3.1/thumb/v7e-m+fp/hard/crtbegin.o
 .text          0x08000210       0x10 /opt/st/stm32cubeclt_1.16.0/GNU-tools-for-STM32/bin/../lib/gcc/arm-none-eabi/12.3.1/../../../../arm-none-eabi/lib/thumb/v7e-m+fp/hard/libc_nano.a(libc_a-strlen.o)
                0x08000210                strlen
 .text          0x08000220       0xa0 /opt/st/stm32cubeclt_1.16.0/GNU-tools-for-STM32/bin/../lib/gcc/arm-none-eabi/12.3.1/../../../../arm-none-eabi/lib/thumb/v7e-m+fp/hard/libc_nano.a(libc_a-memchr.o)
                0x08000220                memchr
 .text          0x080002c0      0x378 /opt/st/stm32cubeclt_1.16.0/GNU-tools-for-STM32/bin/../lib/gcc/arm-none-eabi/12.3.1/thumb/v7e-m+fp/hard/libgcc.a(_arm_addsubdf3.o)
                0x080002c0                __aeabi_drsub
                0x080002c8                __aeabi_dsub
                0x080002c8                __subdf3
                0x080002cc                __adddf3
                0x080002cc                __aeabi_dadd
                0x08000544                __aeabi_ui2d
                0x08000544                __floatunsidf
                0x08000564                __floatsidf
                0x08000564                __aeabi_i2d
                0x08000588                __extendsfdf2
                0x08000588                __aeabi_f2d
                0x080005cc                __aeabi_ul2d
                0x080005cc                __floatundidf
                0x080005dc                __floatdidf
                0x080005dc                __aeabi_l2d
 .text          0x08000638      0x424 /opt/st/stm32cubeclt_1.16.0/GNU-tools-for-STM32/bin/../lib/gcc/arm-none-eabi/12.3.1/thumb/v7e-m+fp/hard/libgcc.a(_arm_muldivdf3.o)
                0x08000638                __aeabi_dmul
                0x08000638                __muldf3
                0x0800088c                __aeabi_ddiv
                0x0800088c                __divdf3
 .text          0x08000a5c      0x110 /opt/st/stm32cubeclt_1.16.0/GNU-tools-for-STM32/bin/../lib/gcc/arm-none-eabi/12.3.1/thumb/v7e-m+fp/hard/libgcc.a(_arm_cmpdf2.o)
                0x08000a5c                __gtdf2
                0x08000a5c                __gedf2
                0x08000a64                __ltdf2
                0x08000a64                __ledf2
                0x08000a6c                __cmpdf2
                0x08000a6c                __eqdf2
                0x08000a6c                __nedf2
                0x08000ae8                __aeabi_cdrcmple
                0x08000af8                __aeabi_cdcmple
                0x08000af8                __aeabi_cdcmpeq
                0x08000b08                __aeabi_dcmpeq
                0x08000b1c                __aeabi_dcmplt
                0x08000b30                __aeabi_dcmple
                0x08000b44                __aeabi_dcmpge
                0x08000b58                __aeabi_dcmpgt
 .text          0x08000b6c       0x50 /opt/st/stm32cubeclt_1.16.0/GNU-tools-for-STM32/bin/../lib/gcc/arm-none-eabi/12.3.1/thumb/v7e-m+fp/hard/libgcc.a(_arm_fixdfsi.o)
                0x08000b6c                __fixdfsi
                0x08000b6c                __aeabi_d2iz
 .text          0x08000bbc       0x40 /opt/st/stm32cubeclt_1.16.0/GNU-tools-for-STM32/bin/../lib/gcc/arm-none-eabi/12.3.1/thumb/v7e-m+fp/hard/libgcc.a(_arm_fixunsdfsi.o)
                0x08000bbc                __fixunsdfsi
                0x08000bbc                __aeabi_d2uiz
 .text          0x08000bfc       0xa0 /opt/st/stm32cubeclt_1.16.0/GNU-tools-for-STM32/bin/../lib/gcc/arm-none-eabi/12.3.1/thumb/v7e-m+fp/hard/libgcc.a(_arm_truncdfsf2.o)
                0x08000bfc                __aeabi_d2f
                0x08000bfc                __truncdfsf2
 .text          0x08000c9c       0x30 /opt/st/stm32cubeclt_1.16.0/GNU-tools-for-STM32/bin/../lib/gcc/arm-none-eabi/12.3.1/thumb/v7e-m+fp/hard/libgcc.a(_aeabi_uldivmod.o)
                0x08000c9c                __aeabi_uldivmod
 .text          0x08000ccc      0x2bc /opt/st/stm32cubeclt_1.16.0/GNU-tools-for-STM32/bin/../lib/gcc/arm-none-eabi/12.3.1/thumb/v7e-m+fp/hard/libgcc.a(_udivmoddi4.o)
                0x08000ccc                __udivmoddi4
 .text          0x08000f88        0x4 /opt/st/stm32cubeclt_1.16.0/GNU-tools-for-STM32/bin/../lib/gcc/arm-none-eabi/12.3.1/thumb/v7e-m+fp/hard/libgcc.a(_dvmd_tls.o)
                0x08000f88                __aeabi_ldiv0
                0x08000f88                __aeabi_idiv0
 *(.text*)
 .text._Z19StartMasterTransferv
                0x08000f8c       0x30 CMakeFiles/odrive_make_project.dir/Src/main.cpp.obj
                0x08000f8c                StartMasterTransfer()
 .text._Z18StartSlaveTransferv
                0x08000fbc       0x20 CMakeFiles/odrive_make_project.dir/Src/main.cpp.obj
                0x08000fbc                StartSlaveTransfer()
 .text._Z11PrintBufferPKcPhj
                0x08000fdc       0x90 CMakeFiles/odrive_make_project.dir/Src/main.cpp.obj
                0x08000fdc                PrintBuffer(char const*, unsigned char*, unsigned int)
 .text.HAL_TIM_PeriodElapsedCallback
                0x0800106c       0x48 CMakeFiles/odrive_make_project.dir/Src/main.cpp.obj
                0x0800106c                HAL_TIM_PeriodElapsedCallback
 .text.HAL_SPI_TxRxCpltCallback
                0x080010b4       0xd0 CMakeFiles/odrive_make_project.dir/Src/main.cpp.obj
                0x080010b4                HAL_SPI_TxRxCpltCallback
 .text.HAL_SPI_ErrorCallback
                0x08001184       0x70 CMakeFiles/odrive_make_project.dir/Src/main.cpp.obj
                0x08001184                HAL_SPI_ErrorCallback
 .text.setup    0x080011f4       0x50 CMakeFiles/odrive_make_project.dir/Src/main.cpp.obj
                0x080011f4                setup
 .text.loop     0x08001244       0x38 CMakeFiles/odrive_make_project.dir/Src/main.cpp.obj
                0x08001244                loop
 .text._Z41__static_initialization_and_destruction_0ii
                0x0800127c       0x70 CMakeFiles/odrive_make_project.dir/Src/main.cpp.obj
 .text._GLOBAL__sub_I_masterTx
                0x080012ec       0x10 CMakeFiles/odrive_make_project.dir/Src/main.cpp.obj
 .text._ZN3LEDC2EP12GPIO_TypeDeft
                0x080012fc       0x28 CMakeFiles/odrive_make_project.dir/Lib/LED/Src/LED.cpp.obj
                0x080012fc                LED::LED(GPIO_TypeDef*, unsigned short)
                0x080012fc                LED::LED(GPIO_TypeDef*, unsigned short)
 .text._ZN3LED3offEv
                0x08001324       0x20 CMakeFiles/odrive_make_project.dir/Lib/LED/Src/LED.cpp.obj
                0x08001324                LED::off()
 .text._ZN7LED_PWMC2EP17TIM_HandleTypeDefm
                0x08001344       0x2c CMakeFiles/odrive_make_project.dir/Lib/LED_PWM/Src/LED_PWM.cpp.obj
                0x08001344                LED_PWM::LED_PWM(TIM_HandleTypeDef*, unsigned long)
                0x08001344                LED_PWM::LED_PWM(TIM_HandleTypeDef*, unsigned long)
 .text._ZN7LED_PWM5startEv
                0x08001370       0x20 CMakeFiles/odrive_make_project.dir/Lib/LED_PWM/Src/LED_PWM.cpp.obj
                0x08001370                LED_PWM::start()
 .text._ZN7LED_PWM6updateEv
                0x08001390      0x134 CMakeFiles/odrive_make_project.dir/Lib/LED_PWM/Src/LED_PWM.cpp.obj
                0x08001390                LED_PWM::update()
 .text._ZN13ThreePhasePWMC2EP17TIM_HandleTypeDefmmm
                0x080014c4       0x3c CMakeFiles/odrive_make_project.dir/Lib/ThreePhasePWM/Src/ThreePhasePWM.cpp.obj
                0x080014c4                ThreePhasePWM::ThreePhasePWM(TIM_HandleTypeDef*, unsigned long, unsigned long, unsigned long)
                0x080014c4                ThreePhasePWM::ThreePhasePWM(TIM_HandleTypeDef*, unsigned long, unsigned long, unsigned long)
 .text._ZN13ThreePhasePWM5startEv
                0x08001500       0x40 CMakeFiles/odrive_make_project.dir/Lib/ThreePhasePWM/Src/ThreePhasePWM.cpp.obj
                0x08001500                ThreePhasePWM::start()
 .text._ZN13ThreePhasePWM7setDutyEmf
                0x08001540       0xa6 CMakeFiles/odrive_make_project.dir/Lib/ThreePhasePWM/Src/ThreePhasePWM.cpp.obj
                0x08001540                ThreePhasePWM::setDuty(unsigned long, float)
 *fill*         0x080015e6        0x2 
 .text._ZN13ThreePhasePWM6updateEv
                0x080015e8      0x1e4 CMakeFiles/odrive_make_project.dir/Lib/ThreePhasePWM/Src/ThreePhasePWM.cpp.obj
                0x080015e8                ThreePhasePWM::update()
 .text._ZN12UART_HandlerC2EP20__UART_HandleTypeDef
                0x080017cc       0x1e CMakeFiles/odrive_make_project.dir/Lib/UART/Src/UART_Handler.cpp.obj
                0x080017cc                UART_Handler::UART_Handler(__UART_HandleTypeDef*)
                0x080017cc                UART_Handler::UART_Handler(__UART_HandleTypeDef*)
 .text._ZN12UART_Handler11sendMessageEPKc
                0x080017ea       0x2c CMakeFiles/odrive_make_project.dir/Lib/UART/Src/UART_Handler.cpp.obj
                0x080017ea                UART_Handler::sendMessage(char const*)
 .text.main     0x08001816       0x3e CMakeFiles/odrive_make_project.dir/Core/Src/main.c.obj
                0x08001816                main
 .text.SystemClock_Config
                0x08001854       0xd8 CMakeFiles/odrive_make_project.dir/Core/Src/main.c.obj
                0x08001854                SystemClock_Config
 .text.Error_Handler
                0x0800192c        0xc CMakeFiles/odrive_make_project.dir/Core/Src/main.c.obj
                0x0800192c                Error_Handler
 .text.MX_GPIO_Init
                0x08001938      0x10c CMakeFiles/odrive_make_project.dir/Core/Src/gpio.c.obj
                0x08001938                MX_GPIO_Init
 .text.MX_DMA_Init
                0x08001a44       0x70 CMakeFiles/odrive_make_project.dir/Core/Src/dma.c.obj
                0x08001a44                MX_DMA_Init
 .text.MX_SPI2_Init
                0x08001ab4       0x6c CMakeFiles/odrive_make_project.dir/Core/Src/spi.c.obj
                0x08001ab4                MX_SPI2_Init
 .text.MX_SPI3_Init
                0x08001b20       0x64 CMakeFiles/odrive_make_project.dir/Core/Src/spi.c.obj
                0x08001b20                MX_SPI3_Init
 .text.HAL_SPI_MspInit
                0x08001b84      0x3a8 CMakeFiles/odrive_make_project.dir/Core/Src/spi.c.obj
                0x08001b84                HAL_SPI_MspInit
 .text.MX_TIM1_Init
                0x08001f2c      0x170 CMakeFiles/odrive_make_project.dir/Core/Src/tim.c.obj
                0x08001f2c                MX_TIM1_Init
 .text.MX_TIM2_Init
                0x0800209c       0xec CMakeFiles/odrive_make_project.dir/Core/Src/tim.c.obj
                0x0800209c                MX_TIM2_Init
 .text.MX_TIM6_Init
                0x08002188       0x6c CMakeFiles/odrive_make_project.dir/Core/Src/tim.c.obj
                0x08002188                MX_TIM6_Init
 .text.MX_TIM7_Init
                0x080021f4       0x6c CMakeFiles/odrive_make_project.dir/Core/Src/tim.c.obj
                0x080021f4                MX_TIM7_Init
 .text.MX_TIM10_Init
                0x08002260       0x48 CMakeFiles/odrive_make_project.dir/Core/Src/tim.c.obj
                0x08002260                MX_TIM10_Init
 .text.HAL_TIM_Base_MspInit
                0x080022a8      0x12c CMakeFiles/odrive_make_project.dir/Core/Src/tim.c.obj
                0x080022a8                HAL_TIM_Base_MspInit
 .text.HAL_TIM_MspPostInit
                0x080023d4       0xfc CMakeFiles/odrive_make_project.dir/Core/Src/tim.c.obj
                0x080023d4                HAL_TIM_MspPostInit
 .text.MX_USART2_UART_Init
                0x080024d0       0x54 CMakeFiles/odrive_make_project.dir/Core/Src/usart.c.obj
                0x080024d0                MX_USART2_UART_Init
 .text.HAL_UART_MspInit
                0x08002524       0x90 CMakeFiles/odrive_make_project.dir/Core/Src/usart.c.obj
                0x08002524                HAL_UART_MspInit
 .text.NMI_Handler
                0x080025b4        0x8 CMakeFiles/odrive_make_project.dir/Core/Src/stm32f4xx_it.c.obj
                0x080025b4                NMI_Handler
 .text.HardFault_Handler
                0x080025bc        0x8 CMakeFiles/odrive_make_project.dir/Core/Src/stm32f4xx_it.c.obj
                0x080025bc                HardFault_Handler
 .text.MemManage_Handler
                0x080025c4        0x8 CMakeFiles/odrive_make_project.dir/Core/Src/stm32f4xx_it.c.obj
                0x080025c4                MemManage_Handler
 .text.BusFault_Handler
                0x080025cc        0x8 CMakeFiles/odrive_make_project.dir/Core/Src/stm32f4xx_it.c.obj
                0x080025cc                BusFault_Handler
 .text.UsageFault_Handler
                0x080025d4        0x8 CMakeFiles/odrive_make_project.dir/Core/Src/stm32f4xx_it.c.obj
                0x080025d4                UsageFault_Handler
 .text.SVC_Handler
                0x080025dc        0xe CMakeFiles/odrive_make_project.dir/Core/Src/stm32f4xx_it.c.obj
                0x080025dc                SVC_Handler
 .text.DebugMon_Handler
                0x080025ea        0xe CMakeFiles/odrive_make_project.dir/Core/Src/stm32f4xx_it.c.obj
                0x080025ea                DebugMon_Handler
 .text.PendSV_Handler
                0x080025f8        0xe CMakeFiles/odrive_make_project.dir/Core/Src/stm32f4xx_it.c.obj
                0x080025f8                PendSV_Handler
 .text.SysTick_Handler
                0x08002606        0xc CMakeFiles/odrive_make_project.dir/Core/Src/stm32f4xx_it.c.obj
                0x08002606                SysTick_Handler
 *fill*         0x08002612        0x2 
 .text.DMA1_Stream0_IRQHandler
                0x08002614       0x14 CMakeFiles/odrive_make_project.dir/Core/Src/stm32f4xx_it.c.obj
                0x08002614                DMA1_Stream0_IRQHandler
 .text.DMA1_Stream3_IRQHandler
                0x08002628       0x14 CMakeFiles/odrive_make_project.dir/Core/Src/stm32f4xx_it.c.obj
                0x08002628                DMA1_Stream3_IRQHandler
 .text.DMA1_Stream4_IRQHandler
                0x0800263c       0x14 CMakeFiles/odrive_make_project.dir/Core/Src/stm32f4xx_it.c.obj
                0x0800263c                DMA1_Stream4_IRQHandler
 .text.DMA1_Stream5_IRQHandler
                0x08002650       0x14 CMakeFiles/odrive_make_project.dir/Core/Src/stm32f4xx_it.c.obj
                0x08002650                DMA1_Stream5_IRQHandler
 .text.TIM1_UP_TIM10_IRQHandler
                0x08002664       0x1c CMakeFiles/odrive_make_project.dir/Core/Src/stm32f4xx_it.c.obj
                0x08002664                TIM1_UP_TIM10_IRQHandler
 .text.TIM2_IRQHandler
                0x08002680       0x14 CMakeFiles/odrive_make_project.dir/Core/Src/stm32f4xx_it.c.obj
                0x08002680                TIM2_IRQHandler
 .text.SPI2_IRQHandler
                0x08002694       0x14 CMakeFiles/odrive_make_project.dir/Core/Src/stm32f4xx_it.c.obj
                0x08002694                SPI2_IRQHandler
 .text.SPI3_IRQHandler
                0x080026a8       0x14 CMakeFiles/odrive_make_project.dir/Core/Src/stm32f4xx_it.c.obj
                0x080026a8                SPI3_IRQHandler
 .text.TIM7_IRQHandler
                0x080026bc       0x14 CMakeFiles/odrive_make_project.dir/Core/Src/stm32f4xx_it.c.obj
                0x080026bc                TIM7_IRQHandler
 .text.HAL_MspInit
                0x080026d0       0x50 CMakeFiles/odrive_make_project.dir/Core/Src/stm32f4xx_hal_msp.c.obj
                0x080026d0                HAL_MspInit
 .text.HAL_SPI_Init
                0x08002720      0x112 CMakeFiles/odrive_make_project.dir/Drivers/STM32F4xx_HAL_Driver/Src/stm32f4xx_hal_spi.c.obj
                0x08002720                HAL_SPI_Init
 *fill*         0x08002832        0x2 
 .text.HAL_SPI_TransmitReceive_DMA
                0x08002834      0x1f8 CMakeFiles/odrive_make_project.dir/Drivers/STM32F4xx_HAL_Driver/Src/stm32f4xx_hal_spi.c.obj
                0x08002834                HAL_SPI_TransmitReceive_DMA
 .text.HAL_SPI_Abort
                0x08002a2c      0x1d8 CMakeFiles/odrive_make_project.dir/Drivers/STM32F4xx_HAL_Driver/Src/stm32f4xx_hal_spi.c.obj
                0x08002a2c                HAL_SPI_Abort
 .text.HAL_SPI_IRQHandler
                0x08002c04      0x1e8 CMakeFiles/odrive_make_project.dir/Drivers/STM32F4xx_HAL_Driver/Src/stm32f4xx_hal_spi.c.obj
                0x08002c04                HAL_SPI_IRQHandler
 .text.HAL_SPI_RxCpltCallback
                0x08002dec       0x14 CMakeFiles/odrive_make_project.dir/Drivers/STM32F4xx_HAL_Driver/Src/stm32f4xx_hal_spi.c.obj
                0x08002dec                HAL_SPI_RxCpltCallback
 .text.HAL_SPI_RxHalfCpltCallback
                0x08002e00       0x14 CMakeFiles/odrive_make_project.dir/Drivers/STM32F4xx_HAL_Driver/Src/stm32f4xx_hal_spi.c.obj
                0x08002e00                HAL_SPI_RxHalfCpltCallback
 .text.HAL_SPI_TxRxHalfCpltCallback
                0x08002e14       0x14 CMakeFiles/odrive_make_project.dir/Drivers/STM32F4xx_HAL_Driver/Src/stm32f4xx_hal_spi.c.obj
                0x08002e14                HAL_SPI_TxRxHalfCpltCallback
 .text.SPI_DMAReceiveCplt
                0x08002e28       0xa8 CMakeFiles/odrive_make_project.dir/Drivers/STM32F4xx_HAL_Driver/Src/stm32f4xx_hal_spi.c.obj
 .text.SPI_DMATransmitReceiveCplt
                0x08002ed0       0x90 CMakeFiles/odrive_make_project.dir/Drivers/STM32F4xx_HAL_Driver/Src/stm32f4xx_hal_spi.c.obj
 .text.SPI_DMAHalfReceiveCplt
                0x08002f60       0x1c CMakeFiles/odrive_make_project.dir/Drivers/STM32F4xx_HAL_Driver/Src/stm32f4xx_hal_spi.c.obj
 .text.SPI_DMAHalfTransmitReceiveCplt
                0x08002f7c       0x1c CMakeFiles/odrive_make_project.dir/Drivers/STM32F4xx_HAL_Driver/Src/stm32f4xx_hal_spi.c.obj
 .text.SPI_DMAError
                0x08002f98       0x40 CMakeFiles/odrive_make_project.dir/Drivers/STM32F4xx_HAL_Driver/Src/stm32f4xx_hal_spi.c.obj
 .text.SPI_DMAAbortOnError
                0x08002fd8       0x28 CMakeFiles/odrive_make_project.dir/Drivers/STM32F4xx_HAL_Driver/Src/stm32f4xx_hal_spi.c.obj
 .text.SPI_WaitFlagStateUntilTimeout
                0x08003000      0x110 CMakeFiles/odrive_make_project.dir/Drivers/STM32F4xx_HAL_Driver/Src/stm32f4xx_hal_spi.c.obj
 .text.SPI_EndRxTransaction
                0x08003110       0xca CMakeFiles/odrive_make_project.dir/Drivers/STM32F4xx_HAL_Driver/Src/stm32f4xx_hal_spi.c.obj
 *fill*         0x080031da        0x2 
 .text.SPI_EndRxTxTransaction
                0x080031dc       0xa8 CMakeFiles/odrive_make_project.dir/Drivers/STM32F4xx_HAL_Driver/Src/stm32f4xx_hal_spi.c.obj
 .text.SPI_AbortRx_ISR
                0x08003284       0x90 CMakeFiles/odrive_make_project.dir/Drivers/STM32F4xx_HAL_Driver/Src/stm32f4xx_hal_spi.c.obj
 .text.SPI_AbortTx_ISR
                0x08003314       0x3c CMakeFiles/odrive_make_project.dir/Drivers/STM32F4xx_HAL_Driver/Src/stm32f4xx_hal_spi.c.obj
 .text.HAL_RCC_ClockConfig
                0x08003350      0x1cc CMakeFiles/odrive_make_project.dir/Drivers/STM32F4xx_HAL_Driver/Src/stm32f4xx_hal_rcc.c.obj
                0x08003350                HAL_RCC_ClockConfig
 .text.HAL_RCC_GetHCLKFreq
                0x0800351c       0x18 CMakeFiles/odrive_make_project.dir/Drivers/STM32F4xx_HAL_Driver/Src/stm32f4xx_hal_rcc.c.obj
                0x0800351c                HAL_RCC_GetHCLKFreq
 .text.HAL_RCC_GetPCLK1Freq
                0x08003534       0x28 CMakeFiles/odrive_make_project.dir/Drivers/STM32F4xx_HAL_Driver/Src/stm32f4xx_hal_rcc.c.obj
                0x08003534                HAL_RCC_GetPCLK1Freq
 .text.HAL_RCC_GetPCLK2Freq
                0x0800355c       0x28 CMakeFiles/odrive_make_project.dir/Drivers/STM32F4xx_HAL_Driver/Src/stm32f4xx_hal_rcc.c.obj
                0x0800355c                HAL_RCC_GetPCLK2Freq
 .text.HAL_RCC_GetSysClockFreq
                0x08003584      0x460 CMakeFiles/odrive_make_project.dir/Drivers/STM32F4xx_HAL_Driver/Src/stm32f4xx_hal_rcc_ex.c.obj
                0x08003584                HAL_RCC_GetSysClockFreq
 .text.HAL_RCC_OscConfig
                0x080039e4      0x53c CMakeFiles/odrive_make_project.dir/Drivers/STM32F4xx_HAL_Driver/Src/stm32f4xx_hal_rcc_ex.c.obj
                0x080039e4                HAL_RCC_OscConfig
 .text.HAL_GPIO_Init
                0x08003f20      0x328 CMakeFiles/odrive_make_project.dir/Drivers/STM32F4xx_HAL_Driver/Src/stm32f4xx_hal_gpio.c.obj
                0x08003f20                HAL_GPIO_Init
 .text.HAL_GPIO_WritePin
                0x08004248       0x32 CMakeFiles/odrive_make_project.dir/Drivers/STM32F4xx_HAL_Driver/Src/stm32f4xx_hal_gpio.c.obj
                0x08004248                HAL_GPIO_WritePin
 .text.HAL_GPIO_TogglePin
                0x0800427a       0x34 CMakeFiles/odrive_make_project.dir/Drivers/STM32F4xx_HAL_Driver/Src/stm32f4xx_hal_gpio.c.obj
                0x0800427a                HAL_GPIO_TogglePin
 *fill*         0x080042ae        0x2 
 .text.HAL_DMA_Init
                0x080042b0      0x15c CMakeFiles/odrive_make_project.dir/Drivers/STM32F4xx_HAL_Driver/Src/stm32f4xx_hal_dma.c.obj
                0x080042b0                HAL_DMA_Init
 .text.HAL_DMA_Start_IT
                0x0800440c       0xb0 CMakeFiles/odrive_make_project.dir/Drivers/STM32F4xx_HAL_Driver/Src/stm32f4xx_hal_dma.c.obj
                0x0800440c                HAL_DMA_Start_IT
 .text.HAL_DMA_Abort
                0x080044bc       0xe0 CMakeFiles/odrive_make_project.dir/Drivers/STM32F4xx_HAL_Driver/Src/stm32f4xx_hal_dma.c.obj
                0x080044bc                HAL_DMA_Abort
 .text.HAL_DMA_Abort_IT
                0x0800459c       0x44 CMakeFiles/odrive_make_project.dir/Drivers/STM32F4xx_HAL_Driver/Src/stm32f4xx_hal_dma.c.obj
                0x0800459c                HAL_DMA_Abort_IT
 .text.HAL_DMA_IRQHandler
                0x080045e0      0x314 CMakeFiles/odrive_make_project.dir/Drivers/STM32F4xx_HAL_Driver/Src/stm32f4xx_hal_dma.c.obj
                0x080045e0                HAL_DMA_IRQHandler
 .text.DMA_SetConfig
                0x080048f4       0x5c CMakeFiles/odrive_make_project.dir/Drivers/STM32F4xx_HAL_Driver/Src/stm32f4xx_hal_dma.c.obj
 .text.DMA_CalcBaseAndBitshift
                0x08004950       0x6c CMakeFiles/odrive_make_project.dir/Drivers/STM32F4xx_HAL_Driver/Src/stm32f4xx_hal_dma.c.obj
 .text.DMA_CheckFifoParam
                0x080049bc       0xf8 CMakeFiles/odrive_make_project.dir/Drivers/STM32F4xx_HAL_Driver/Src/stm32f4xx_hal_dma.c.obj
 .text.__NVIC_SetPriorityGrouping
                0x08004ab4       0x48 CMakeFiles/odrive_make_project.dir/Drivers/STM32F4xx_HAL_Driver/Src/stm32f4xx_hal_cortex.c.obj
 .text.__NVIC_GetPriorityGrouping
                0x08004afc       0x1c CMakeFiles/odrive_make_project.dir/Drivers/STM32F4xx_HAL_Driver/Src/stm32f4xx_hal_cortex.c.obj
 .text.__NVIC_EnableIRQ
                0x08004b18       0x3c CMakeFiles/odrive_make_project.dir/Drivers/STM32F4xx_HAL_Driver/Src/stm32f4xx_hal_cortex.c.obj
 .text.__NVIC_SetPriority
                0x08004b54       0x54 CMakeFiles/odrive_make_project.dir/Drivers/STM32F4xx_HAL_Driver/Src/stm32f4xx_hal_cortex.c.obj
 .text.NVIC_EncodePriority
                0x08004ba8       0x66 CMakeFiles/odrive_make_project.dir/Drivers/STM32F4xx_HAL_Driver/Src/stm32f4xx_hal_cortex.c.obj
 *fill*         0x08004c0e        0x2 
 .text.SysTick_Config
                0x08004c10       0x44 CMakeFiles/odrive_make_project.dir/Drivers/STM32F4xx_HAL_Driver/Src/stm32f4xx_hal_cortex.c.obj
 .text.HAL_NVIC_SetPriorityGrouping
                0x08004c54       0x16 CMakeFiles/odrive_make_project.dir/Drivers/STM32F4xx_HAL_Driver/Src/stm32f4xx_hal_cortex.c.obj
                0x08004c54                HAL_NVIC_SetPriorityGrouping
 .text.HAL_NVIC_SetPriority
                0x08004c6a       0x38 CMakeFiles/odrive_make_project.dir/Drivers/STM32F4xx_HAL_Driver/Src/stm32f4xx_hal_cortex.c.obj
                0x08004c6a                HAL_NVIC_SetPriority
 .text.HAL_NVIC_EnableIRQ
                0x08004ca2       0x1c CMakeFiles/odrive_make_project.dir/Drivers/STM32F4xx_HAL_Driver/Src/stm32f4xx_hal_cortex.c.obj
                0x08004ca2                HAL_NVIC_EnableIRQ
 .text.HAL_SYSTICK_Config
                0x08004cbe       0x18 CMakeFiles/odrive_make_project.dir/Drivers/STM32F4xx_HAL_Driver/Src/stm32f4xx_hal_cortex.c.obj
                0x08004cbe                HAL_SYSTICK_Config
 *fill*         0x08004cd6        0x2 
 .text.HAL_Init
                0x08004cd8       0x44 CMakeFiles/odrive_make_project.dir/Drivers/STM32F4xx_HAL_Driver/Src/stm32f4xx_hal.c.obj
                0x08004cd8                HAL_Init
 .text.HAL_InitTick
                0x08004d1c       0x60 CMakeFiles/odrive_make_project.dir/Drivers/STM32F4xx_HAL_Driver/Src/stm32f4xx_hal.c.obj
                0x08004d1c                HAL_InitTick
 .text.HAL_IncTick
                0x08004d7c       0x28 CMakeFiles/odrive_make_project.dir/Drivers/STM32F4xx_HAL_Driver/Src/stm32f4xx_hal.c.obj
                0x08004d7c                HAL_IncTick
 .text.HAL_GetTick
                0x08004da4       0x18 CMakeFiles/odrive_make_project.dir/Drivers/STM32F4xx_HAL_Driver/Src/stm32f4xx_hal.c.obj
                0x08004da4                HAL_GetTick
 .text.HAL_Delay
                0x08004dbc       0x48 CMakeFiles/odrive_make_project.dir/Drivers/STM32F4xx_HAL_Driver/Src/stm32f4xx_hal.c.obj
                0x08004dbc                HAL_Delay
 .text.HAL_TIM_Base_Init
                0x08004e04       0x9e CMakeFiles/odrive_make_project.dir/Drivers/STM32F4xx_HAL_Driver/Src/stm32f4xx_hal_tim.c.obj
                0x08004e04                HAL_TIM_Base_Init
 *fill*         0x08004ea2        0x2 
 .text.HAL_TIM_Base_Start_IT
                0x08004ea4       0xe0 CMakeFiles/odrive_make_project.dir/Drivers/STM32F4xx_HAL_Driver/Src/stm32f4xx_hal_tim.c.obj
                0x08004ea4                HAL_TIM_Base_Start_IT
 .text.HAL_TIM_PWM_Init
                0x08004f84       0x9e CMakeFiles/odrive_make_project.dir/Drivers/STM32F4xx_HAL_Driver/Src/stm32f4xx_hal_tim.c.obj
                0x08004f84                HAL_TIM_PWM_Init
 .text.HAL_TIM_PWM_MspInit
                0x08005022       0x14 CMakeFiles/odrive_make_project.dir/Drivers/STM32F4xx_HAL_Driver/Src/stm32f4xx_hal_tim.c.obj
                0x08005022                HAL_TIM_PWM_MspInit
 *fill*         0x08005036        0x2 
 .text.HAL_TIM_PWM_Start
                0x08005038      0x190 CMakeFiles/odrive_make_project.dir/Drivers/STM32F4xx_HAL_Driver/Src/stm32f4xx_hal_tim.c.obj
                0x08005038                HAL_TIM_PWM_Start
 .text.HAL_TIM_IRQHandler
                0x080051c8      0x1e0 CMakeFiles/odrive_make_project.dir/Drivers/STM32F4xx_HAL_Driver/Src/stm32f4xx_hal_tim.c.obj
                0x080051c8                HAL_TIM_IRQHandler
 .text.HAL_TIM_PWM_ConfigChannel
                0x080053a8      0x184 CMakeFiles/odrive_make_project.dir/Drivers/STM32F4xx_HAL_Driver/Src/stm32f4xx_hal_tim.c.obj
                0x080053a8                HAL_TIM_PWM_ConfigChannel
 .text.HAL_TIM_ConfigClockSource
                0x0800552c      0x18e CMakeFiles/odrive_make_project.dir/Drivers/STM32F4xx_HAL_Driver/Src/stm32f4xx_hal_tim.c.obj
                0x0800552c                HAL_TIM_ConfigClockSource
 .text.HAL_TIM_OC_DelayElapsedCallback
                0x080056ba       0x14 CMakeFiles/odrive_make_project.dir/Drivers/STM32F4xx_HAL_Driver/Src/stm32f4xx_hal_tim.c.obj
                0x080056ba                HAL_TIM_OC_DelayElapsedCallback
 .text.HAL_TIM_IC_CaptureCallback
                0x080056ce       0x14 CMakeFiles/odrive_make_project.dir/Drivers/STM32F4xx_HAL_Driver/Src/stm32f4xx_hal_tim.c.obj
                0x080056ce                HAL_TIM_IC_CaptureCallback
 .text.HAL_TIM_PWM_PulseFinishedCallback
                0x080056e2       0x14 CMakeFiles/odrive_make_project.dir/Drivers/STM32F4xx_HAL_Driver/Src/stm32f4xx_hal_tim.c.obj
                0x080056e2                HAL_TIM_PWM_PulseFinishedCallback
 .text.HAL_TIM_TriggerCallback
                0x080056f6       0x14 CMakeFiles/odrive_make_project.dir/Drivers/STM32F4xx_HAL_Driver/Src/stm32f4xx_hal_tim.c.obj
                0x080056f6                HAL_TIM_TriggerCallback
 *fill*         0x0800570a        0x2 
 .text.TIM_Base_SetConfig
                0x0800570c      0x14c CMakeFiles/odrive_make_project.dir/Drivers/STM32F4xx_HAL_Driver/Src/stm32f4xx_hal_tim.c.obj
                0x0800570c                TIM_Base_SetConfig
 .text.TIM_OC1_SetConfig
                0x08005858       0xe0 CMakeFiles/odrive_make_project.dir/Drivers/STM32F4xx_HAL_Driver/Src/stm32f4xx_hal_tim.c.obj
 .text.TIM_OC2_SetConfig
                0x08005938       0xec CMakeFiles/odrive_make_project.dir/Drivers/STM32F4xx_HAL_Driver/Src/stm32f4xx_hal_tim.c.obj
                0x08005938                TIM_OC2_SetConfig
 .text.TIM_OC3_SetConfig
                0x08005a24       0xe8 CMakeFiles/odrive_make_project.dir/Drivers/STM32F4xx_HAL_Driver/Src/stm32f4xx_hal_tim.c.obj
 .text.TIM_OC4_SetConfig
                0x08005b0c       0xac CMakeFiles/odrive_make_project.dir/Drivers/STM32F4xx_HAL_Driver/Src/stm32f4xx_hal_tim.c.obj
 .text.TIM_TI1_ConfigInputStage
                0x08005bb8       0x5e CMakeFiles/odrive_make_project.dir/Drivers/STM32F4xx_HAL_Driver/Src/stm32f4xx_hal_tim.c.obj
 .text.TIM_TI2_ConfigInputStage
                0x08005c16       0x60 CMakeFiles/odrive_make_project.dir/Drivers/STM32F4xx_HAL_Driver/Src/stm32f4xx_hal_tim.c.obj
 .text.TIM_ITRx_SetConfig
                0x08005c76       0x36 CMakeFiles/odrive_make_project.dir/Drivers/STM32F4xx_HAL_Driver/Src/stm32f4xx_hal_tim.c.obj
 .text.TIM_ETR_SetConfig
                0x08005cac       0x40 CMakeFiles/odrive_make_project.dir/Drivers/STM32F4xx_HAL_Driver/Src/stm32f4xx_hal_tim.c.obj
                0x08005cac                TIM_ETR_SetConfig
 .text.TIM_CCxChannelCmd
                0x08005cec       0x4a CMakeFiles/odrive_make_project.dir/Drivers/STM32F4xx_HAL_Driver/Src/stm32f4xx_hal_tim.c.obj
                0x08005cec                TIM_CCxChannelCmd
 *fill*         0x08005d36        0x2 
 .text.HAL_TIMEx_MasterConfigSynchronization
                0x08005d38       0xf8 CMakeFiles/odrive_make_project.dir/Drivers/STM32F4xx_HAL_Driver/Src/stm32f4xx_hal_tim_ex.c.obj
                0x08005d38                HAL_TIMEx_MasterConfigSynchronization
 .text.HAL_TIMEx_ConfigBreakDeadTime
                0x08005e30       0xa4 CMakeFiles/odrive_make_project.dir/Drivers/STM32F4xx_HAL_Driver/Src/stm32f4xx_hal_tim_ex.c.obj
                0x08005e30                HAL_TIMEx_ConfigBreakDeadTime
 .text.HAL_TIMEx_CommutCallback
                0x08005ed4       0x14 CMakeFiles/odrive_make_project.dir/Drivers/STM32F4xx_HAL_Driver/Src/stm32f4xx_hal_tim_ex.c.obj
                0x08005ed4                HAL_TIMEx_CommutCallback
 .text.HAL_TIMEx_BreakCallback
                0x08005ee8       0x14 CMakeFiles/odrive_make_project.dir/Drivers/STM32F4xx_HAL_Driver/Src/stm32f4xx_hal_tim_ex.c.obj
                0x08005ee8                HAL_TIMEx_BreakCallback
 .text.HAL_UART_Init
                0x08005efc       0xa0 CMakeFiles/odrive_make_project.dir/Drivers/STM32F4xx_HAL_Driver/Src/stm32f4xx_hal_uart.c.obj
                0x08005efc                HAL_UART_Init
 .text.HAL_UART_Transmit
                0x08005f9c      0x116 CMakeFiles/odrive_make_project.dir/Drivers/STM32F4xx_HAL_Driver/Src/stm32f4xx_hal_uart.c.obj
                0x08005f9c                HAL_UART_Transmit
 .text.UART_WaitOnFlagUntilTimeout
                0x080060b2       0xb2 CMakeFiles/odrive_make_project.dir/Drivers/STM32F4xx_HAL_Driver/Src/stm32f4xx_hal_uart.c.obj
 .text.UART_EndRxTransfer
                0x08006164       0xc6 CMakeFiles/odrive_make_project.dir/Drivers/STM32F4xx_HAL_Driver/Src/stm32f4xx_hal_uart.c.obj
 *fill*         0x0800622a        0x2 
 .text.UART_SetConfig
                0x0800622c      0x4e8 CMakeFiles/odrive_make_project.dir/Drivers/STM32F4xx_HAL_Driver/Src/stm32f4xx_hal_uart.c.obj
 .text.SystemInit
                0x08006714       0x24 CMakeFiles/odrive_make_project.dir/Core/Src/system_stm32f4xx.c.obj
                0x08006714                SystemInit
 .text._sbrk    0x08006738       0x6c CMakeFiles/odrive_make_project.dir/Core/Src/sysmem.c.obj
                0x08006738                _sbrk
 .text.Reset_Handler
                0x080067a4       0x50 CMakeFiles/odrive_make_project.dir/startup_stm32f446xx.s.obj
                0x080067a4                Reset_Handler
 .text.Default_Handler
                0x080067f4        0x2 CMakeFiles/odrive_make_project.dir/startup_stm32f446xx.s.obj
                0x080067f4                RTC_Alarm_IRQHandler
                0x080067f4                EXTI2_IRQHandler
                0x080067f4                TIM8_CC_IRQHandler
                0x080067f4                FMPI2C1_EV_IRQHandler
                0x080067f4                SPI4_IRQHandler
                0x080067f4                TIM1_CC_IRQHandler
                0x080067f4                DMA2_Stream5_IRQHandler
                0x080067f4                PVD_IRQHandler
                0x080067f4                SDIO_IRQHandler
                0x080067f4                TAMP_STAMP_IRQHandler
                0x080067f4                CAN2_RX1_IRQHandler
                0x080067f4                EXTI3_IRQHandler
                0x080067f4                TIM8_TRG_COM_TIM14_IRQHandler
                0x080067f4                TIM8_UP_TIM13_IRQHandler
                0x080067f4                I2C3_ER_IRQHandler
                0x080067f4                EXTI0_IRQHandler
                0x080067f4                I2C2_EV_IRQHandler
                0x080067f4                DMA1_Stream2_IRQHandler
                0x080067f4                CAN1_RX0_IRQHandler
                0x080067f4                FPU_IRQHandler
                0x080067f4                OTG_HS_WKUP_IRQHandler
                0x080067f4                CAN2_SCE_IRQHandler
                0x080067f4                DMA2_Stream2_IRQHandler
                0x080067f4                SPI1_IRQHandler
                0x080067f4                TIM6_DAC_IRQHandler
                0x080067f4                TIM1_BRK_TIM9_IRQHandler
                0x080067f4                DCMI_IRQHandler
                0x080067f4                CAN2_RX0_IRQHandler
                0x080067f4                DMA2_Stream3_IRQHandler
                0x080067f4                SAI2_IRQHandler
                0x080067f4                USART6_IRQHandler
                0x080067f4                USART3_IRQHandler
                0x080067f4                CAN1_RX1_IRQHandler
                0x080067f4                UART5_IRQHandler
                0x080067f4                DMA2_Stream0_IRQHandler
                0x080067f4                TIM4_IRQHandler
                0x080067f4                QUADSPI_IRQHandler
                0x080067f4                I2C1_EV_IRQHandler
                0x080067f4                DMA1_Stream6_IRQHandler
                0x080067f4                DMA1_Stream1_IRQHandler
                0x080067f4                UART4_IRQHandler
                0x080067f4                TIM3_IRQHandler
                0x080067f4                RCC_IRQHandler
                0x080067f4                TIM8_BRK_TIM12_IRQHandler
                0x080067f4                Default_Handler
                0x080067f4                CEC_IRQHandler
                0x080067f4                EXTI15_10_IRQHandler
                0x080067f4                ADC_IRQHandler
                0x080067f4                DMA1_Stream7_IRQHandler
                0x080067f4                CAN2_TX_IRQHandler
                0x080067f4                TIM5_IRQHandler
                0x080067f4                DMA2_Stream7_IRQHandler
                0x080067f4                I2C3_EV_IRQHandler
                0x080067f4                EXTI9_5_IRQHandler
                0x080067f4                RTC_WKUP_IRQHandler
                0x080067f4                SPDIF_RX_IRQHandler
                0x080067f4                OTG_HS_EP1_IN_IRQHandler
                0x080067f4                CAN1_TX_IRQHandler
                0x080067f4                FMPI2C1_ER_IRQHandler
                0x080067f4                EXTI4_IRQHandler
                0x080067f4                OTG_HS_EP1_OUT_IRQHandler
                0x080067f4                WWDG_IRQHandler
                0x080067f4                OTG_FS_WKUP_IRQHandler
                0x080067f4                TIM1_TRG_COM_TIM11_IRQHandler
                0x080067f4                OTG_HS_IRQHandler
                0x080067f4                EXTI1_IRQHandler
                0x080067f4                USART2_IRQHandler
                0x080067f4                I2C2_ER_IRQHandler
                0x080067f4                DMA2_Stream1_IRQHandler
                0x080067f4                CAN1_SCE_IRQHandler
                0x080067f4                FLASH_IRQHandler
                0x080067f4                DMA2_Stream4_IRQHandler
                0x080067f4                USART1_IRQHandler
                0x080067f4                OTG_FS_IRQHandler
                0x080067f4                I2C1_ER_IRQHandler
                0x080067f4                FMC_IRQHandler
                0x080067f4                DMA2_Stream6_IRQHandler
                0x080067f4                SAI1_IRQHandler
 *fill*         0x080067f6        0x2 
 .text.sin      0x080067f8       0xa8 /opt/st/stm32cubeclt_1.16.0/GNU-tools-for-STM32/bin/../lib/gcc/arm-none-eabi/12.3.1/../../../../arm-none-eabi/lib/thumb/v7e-m+fp/hard/libm.a(libm_a-s_sin.o)
                0x080067f8                sin
 .text.__kernel_cos
                0x080068a0      0x18c /opt/st/stm32cubeclt_1.16.0/GNU-tools-for-STM32/bin/../lib/gcc/arm-none-eabi/12.3.1/../../../../arm-none-eabi/lib/thumb/v7e-m+fp/hard/libm.a(libm_a-k_cos.o)
                0x080068a0                __kernel_cos
 *fill*         0x08006a2c        0x4 
 .text.__kernel_sin
                0x08006a30      0x174 /opt/st/stm32cubeclt_1.16.0/GNU-tools-for-STM32/bin/../lib/gcc/arm-none-eabi/12.3.1/../../../../arm-none-eabi/lib/thumb/v7e-m+fp/hard/libm.a(libm_a-k_sin.o)
                0x08006a30                __kernel_sin
 *fill*         0x08006ba4        0x4 
 .text.__ieee754_rem_pio2
                0x08006ba8      0x3f8 /opt/st/stm32cubeclt_1.16.0/GNU-tools-for-STM32/bin/../lib/gcc/arm-none-eabi/12.3.1/../../../../arm-none-eabi/lib/thumb/v7e-m+fp/hard/libm.a(libm_a-e_rem_pio2.o)
                0x08006ba8                __ieee754_rem_pio2
 .text.fabs     0x08006fa0       0x10 /opt/st/stm32cubeclt_1.16.0/GNU-tools-for-STM32/bin/../lib/gcc/arm-none-eabi/12.3.1/../../../../arm-none-eabi/lib/thumb/v7e-m+fp/hard/libm.a(libm_a-s_fabs.o)
                0x08006fa0                fabs
 .text.__kernel_rem_pio2
                0x08006fb0      0x6b0 /opt/st/stm32cubeclt_1.16.0/GNU-tools-for-STM32/bin/../lib/gcc/arm-none-eabi/12.3.1/../../../../arm-none-eabi/lib/thumb/v7e-m+fp/hard/libm.a(libm_a-k_rem_pio2.o)
                0x08006fb0                __kernel_rem_pio2
 .text.scalbn   0x08007660       0xfc /opt/st/stm32cubeclt_1.16.0/GNU-tools-for-STM32/bin/../lib/gcc/arm-none-eabi/12.3.1/../../../../arm-none-eabi/lib/thumb/v7e-m+fp/hard/libm.a(libm_a-s_scalbn.o)
                0x08007660                scalbn
 *fill*         0x0800775c        0x4 
 .text.floor    0x08007760       0xf8 /opt/st/stm32cubeclt_1.16.0/GNU-tools-for-STM32/bin/../lib/gcc/arm-none-eabi/12.3.1/../../../../arm-none-eabi/lib/thumb/v7e-m+fp/hard/libm.a(libm_a-s_floor.o)
                0x08007760                floor
 .text.snprintf
                0x08007858       0x68 /opt/st/stm32cubeclt_1.16.0/GNU-tools-for-STM32/bin/../lib/gcc/arm-none-eabi/12.3.1/../../../../arm-none-eabi/lib/thumb/v7e-m+fp/hard/libc_nano.a(libc_a-snprintf.o)
                0x08007858                snprintf
                0x08007858                sniprintf
 .text.memset   0x080078c0       0x10 /opt/st/stm32cubeclt_1.16.0/GNU-tools-for-STM32/bin/../lib/gcc/arm-none-eabi/12.3.1/../../../../arm-none-eabi/lib/thumb/v7e-m+fp/hard/libc_nano.a(libc_a-memset.o)
                0x080078c0                memset
 .text.__errno  0x080078d0        0xc /opt/st/stm32cubeclt_1.16.0/GNU-tools-for-STM32/bin/../lib/gcc/arm-none-eabi/12.3.1/../../../../arm-none-eabi/lib/thumb/v7e-m+fp/hard/libc_nano.a(libc_a-errno.o)
                0x080078d0                __errno
 .text.__libc_init_array
                0x080078dc       0x48 /opt/st/stm32cubeclt_1.16.0/GNU-tools-for-STM32/bin/../lib/gcc/arm-none-eabi/12.3.1/../../../../arm-none-eabi/lib/thumb/v7e-m+fp/hard/libc_nano.a(libc_a-init.o)
                0x080078dc                __libc_init_array
 .text.__retarget_lock_acquire_recursive
                0x08007924        0x2 /opt/st/stm32cubeclt_1.16.0/GNU-tools-for-STM32/bin/../lib/gcc/arm-none-eabi/12.3.1/../../../../arm-none-eabi/lib/thumb/v7e-m+fp/hard/libc_nano.a(libc_a-lock.o)
                0x08007924                __retarget_lock_acquire_recursive
 .text.__retarget_lock_release_recursive
                0x08007926        0x2 /opt/st/stm32cubeclt_1.16.0/GNU-tools-for-STM32/bin/../lib/gcc/arm-none-eabi/12.3.1/../../../../arm-none-eabi/lib/thumb/v7e-m+fp/hard/libc_nano.a(libc_a-lock.o)
                0x08007926                __retarget_lock_release_recursive
 .text._free_r  0x08007928       0x94 /opt/st/stm32cubeclt_1.16.0/GNU-tools-for-STM32/bin/../lib/gcc/arm-none-eabi/12.3.1/../../../../arm-none-eabi/lib/thumb/v7e-m+fp/hard/libc_nano.a(libc_a-freer.o)
                0x08007928                _free_r
 .text.sbrk_aligned
                0x080079bc       0x44 /opt/st/stm32cubeclt_1.16.0/GNU-tools-for-STM32/bin/../lib/gcc/arm-none-eabi/12.3.1/../../../../arm-none-eabi/lib/thumb/v7e-m+fp/hard/libc_nano.a(libc_a-mallocr.o)
 .text._malloc_r
                0x08007a00      0x100 /opt/st/stm32cubeclt_1.16.0/GNU-tools-for-STM32/bin/../lib/gcc/arm-none-eabi/12.3.1/../../../../arm-none-eabi/lib/thumb/v7e-m+fp/hard/libc_nano.a(libc_a-mallocr.o)
                0x08007a00                _malloc_r
 .text.__malloc_lock
                0x08007b00        0xc /opt/st/stm32cubeclt_1.16.0/GNU-tools-for-STM32/bin/../lib/gcc/arm-none-eabi/12.3.1/../../../../arm-none-eabi/lib/thumb/v7e-m+fp/hard/libc_nano.a(libc_a-mlock.o)
                0x08007b00                __malloc_lock
 .text.__malloc_unlock
                0x08007b0c        0xc /opt/st/stm32cubeclt_1.16.0/GNU-tools-for-STM32/bin/../lib/gcc/arm-none-eabi/12.3.1/../../../../arm-none-eabi/lib/thumb/v7e-m+fp/hard/libc_nano.a(libc_a-mlock.o)
                0x08007b0c                __malloc_unlock
 .text.__ssputs_r
                0x08007b18       0xb6 /opt/st/stm32cubeclt_1.16.0/GNU-tools-for-STM32/bin/../lib/gcc/arm-none-eabi/12.3.1/../../../../arm-none-eabi/lib/thumb/v7e-m+fp/hard/libc_nano.a(libc_a-nano-svfprintf.o)
                0x08007b18                __ssputs_r
 *fill*         0x08007bce        0x2 
 .text._svfprintf_r
                0x08007bd0      0x1f8 /opt/st/stm32cubeclt_1.16.0/GNU-tools-for-STM32/bin/../lib/gcc/arm-none-eabi/12.3.1/../../../../arm-none-eabi/lib/thumb/v7e-m+fp/hard/libc_nano.a(libc_a-nano-svfprintf.o)
                0x08007bd0                _svfprintf_r
                0x08007bd0                _svfiprintf_r
 .text._printf_common
                0x08007dc8       0xda /opt/st/stm32cubeclt_1.16.0/GNU-tools-for-STM32/bin/../lib/gcc/arm-none-eabi/12.3.1/../../../../arm-none-eabi/lib/thumb/v7e-m+fp/hard/libc_nano.a(libc_a-nano-vfprintf_i.o)
                0x08007dc8                _printf_common
 *fill*         0x08007ea2        0x2 
 .text._printf_i
                0x08007ea4      0x240 /opt/st/stm32cubeclt_1.16.0/GNU-tools-for-STM32/bin/../lib/gcc/arm-none-eabi/12.3.1/../../../../arm-none-eabi/lib/thumb/v7e-m+fp/hard/libc_nano.a(libc_a-nano-vfprintf_i.o)
                0x08007ea4                _printf_i
 .text.memmove  0x080080e4       0x34 /opt/st/stm32cubeclt_1.16.0/GNU-tools-for-STM32/bin/../lib/gcc/arm-none-eabi/12.3.1/../../../../arm-none-eabi/lib/thumb/v7e-m+fp/hard/libc_nano.a(libc_a-memmove.o)
                0x080080e4                memmove
 .text._sbrk_r  0x08008118       0x20 /opt/st/stm32cubeclt_1.16.0/GNU-tools-for-STM32/bin/../lib/gcc/arm-none-eabi/12.3.1/../../../../arm-none-eabi/lib/thumb/v7e-m+fp/hard/libc_nano.a(libc_a-sbrkr.o)
                0x08008118                _sbrk_r
 .text.memcpy   0x08008138       0x1c /opt/st/stm32cubeclt_1.16.0/GNU-tools-for-STM32/bin/../lib/gcc/arm-none-eabi/12.3.1/../../../../arm-none-eabi/lib/thumb/v7e-m+fp/hard/libc_nano.a(libc_a-memcpy-stub.o)
                0x08008138                memcpy
 .text._realloc_r
                0x08008154       0x5c /opt/st/stm32cubeclt_1.16.0/GNU-tools-for-STM32/bin/../lib/gcc/arm-none-eabi/12.3.1/../../../../arm-none-eabi/lib/thumb/v7e-m+fp/hard/libc_nano.a(libc_a-reallocr.o)
                0x08008154                _realloc_r
 .text._malloc_usable_size_r
                0x080081b0       0x10 /opt/st/stm32cubeclt_1.16.0/GNU-tools-for-STM32/bin/../lib/gcc/arm-none-eabi/12.3.1/../../../../arm-none-eabi/lib/thumb/v7e-m+fp/hard/libc_nano.a(libc_a-msizer.o)
                0x080081b0                _malloc_usable_size_r
 *(.glue_7)
 .glue_7        0x080081c0        0x0 linker stubs
 *(.glue_7t)
 .glue_7t       0x080081c0        0x0 linker stubs
 *(.eh_frame)
 .eh_frame      0x080081c0        0x0 /opt/st/stm32cubeclt_1.16.0/GNU-tools-for-STM32/bin/../lib/gcc/arm-none-eabi/12.3.1/thumb/v7e-m+fp/hard/crtbegin.o
 *(.init)
 .init          0x080081c0        0x4 /opt/st/stm32cubeclt_1.16.0/GNU-tools-for-STM32/bin/../lib/gcc/arm-none-eabi/12.3.1/thumb/v7e-m+fp/hard/crti.o
                0x080081c0                _init
 .init          0x080081c4        0x8 /opt/st/stm32cubeclt_1.16.0/GNU-tools-for-STM32/bin/../lib/gcc/arm-none-eabi/12.3.1/thumb/v7e-m+fp/hard/crtn.o
 *(.fini)
 .fini          0x080081cc        0x4 /opt/st/stm32cubeclt_1.16.0/GNU-tools-for-STM32/bin/../lib/gcc/arm-none-eabi/12.3.1/thumb/v7e-m+fp/hard/crti.o
                0x080081cc                _fini
 .fini          0x080081d0        0x8 /opt/st/stm32cubeclt_1.16.0/GNU-tools-for-STM32/bin/../lib/gcc/arm-none-eabi/12.3.1/thumb/v7e-m+fp/hard/crtn.o
                0x080081d8                        . = ALIGN (0x4)
                0x080081d8                        _etext = .

.vfp11_veneer   0x080081d8        0x0
 .vfp11_veneer  0x080081d8        0x0 linker stubs

.v4_bx          0x080081d8        0x0
 .v4_bx         0x080081d8        0x0 linker stubs

.iplt           0x080081d8        0x0
 .iplt          0x080081d8        0x0 /opt/st/stm32cubeclt_1.16.0/GNU-tools-for-STM32/bin/../lib/gcc/arm-none-eabi/12.3.1/thumb/v7e-m+fp/hard/crtbegin.o

.rodata         0x080081d8      0x28c
                0x080081d8                        . = ALIGN (0x4)
 *(.rodata)
 .rodata        0x080081d8       0x5f CMakeFiles/odrive_make_project.dir/Src/main.cpp.obj
 *(.rodata*)
 *fill*         0x08008237        0x1 
 .rodata.flagBitshiftOffset.0
                0x08008238        0x8 CMakeFiles/odrive_make_project.dir/Drivers/STM32F4xx_HAL_Driver/Src/stm32f4xx_hal_dma.c.obj
 .rodata.AHBPrescTable
                0x08008240       0x10 CMakeFiles/odrive_make_project.dir/Core/Src/system_stm32f4xx.c.obj
                0x08008240                AHBPrescTable
 .rodata.APBPrescTable
                0x08008250        0x8 CMakeFiles/odrive_make_project.dir/Core/Src/system_stm32f4xx.c.obj
                0x08008250                APBPrescTable
 .rodata.npio2_hw
                0x08008258       0x80 /opt/st/stm32cubeclt_1.16.0/GNU-tools-for-STM32/bin/../lib/gcc/arm-none-eabi/12.3.1/../../../../arm-none-eabi/lib/thumb/v7e-m+fp/hard/libm.a(libm_a-e_rem_pio2.o)
 .rodata.two_over_pi
                0x080082d8      0x108 /opt/st/stm32cubeclt_1.16.0/GNU-tools-for-STM32/bin/../lib/gcc/arm-none-eabi/12.3.1/../../../../arm-none-eabi/lib/thumb/v7e-m+fp/hard/libm.a(libm_a-e_rem_pio2.o)
 .rodata.PIo2   0x080083e0       0x40 /opt/st/stm32cubeclt_1.16.0/GNU-tools-for-STM32/bin/../lib/gcc/arm-none-eabi/12.3.1/../../../../arm-none-eabi/lib/thumb/v7e-m+fp/hard/libm.a(libm_a-k_rem_pio2.o)
 .rodata.init_jk
                0x08008420       0x10 /opt/st/stm32cubeclt_1.16.0/GNU-tools-for-STM32/bin/../lib/gcc/arm-none-eabi/12.3.1/../../../../arm-none-eabi/lib/thumb/v7e-m+fp/hard/libm.a(libm_a-k_rem_pio2.o)
 .rodata._svfprintf_r.str1.1
                0x08008430       0x11 /opt/st/stm32cubeclt_1.16.0/GNU-tools-for-STM32/bin/../lib/gcc/arm-none-eabi/12.3.1/../../../../arm-none-eabi/lib/thumb/v7e-m+fp/hard/libc_nano.a(libc_a-nano-svfprintf.o)
 .rodata._printf_i.str1.1
                0x08008441       0x22 /opt/st/stm32cubeclt_1.16.0/GNU-tools-for-STM32/bin/../lib/gcc/arm-none-eabi/12.3.1/../../../../arm-none-eabi/lib/thumb/v7e-m+fp/hard/libc_nano.a(libc_a-nano-vfprintf_i.o)
                0x08008464                        . = ALIGN (0x4)
 *fill*         0x08008463        0x1 

.ARM.extab
 *(.ARM.extab* .gnu.linkonce.armextab.*)

.ARM            0x08008464        0x8
                0x08008464                        __exidx_start = .
 *(.ARM.exidx*)
 .ARM.exidx     0x08008464        0x8 /opt/st/stm32cubeclt_1.16.0/GNU-tools-for-STM32/bin/../lib/gcc/arm-none-eabi/12.3.1/../../../../arm-none-eabi/lib/thumb/v7e-m+fp/hard/libc_nano.a(libc_a-strlen.o)
 .ARM.exidx     0x0800846c        0x0 /opt/st/stm32cubeclt_1.16.0/GNU-tools-for-STM32/bin/../lib/gcc/arm-none-eabi/12.3.1/../../../../arm-none-eabi/lib/thumb/v7e-m+fp/hard/libc_nano.a(libc_a-memchr.o)
                                  0x8 (size before relaxing)
 .ARM.exidx     0x0800846c        0x0 /opt/st/stm32cubeclt_1.16.0/GNU-tools-for-STM32/bin/../lib/gcc/arm-none-eabi/12.3.1/thumb/v7e-m+fp/hard/libgcc.a(_udivmoddi4.o)
                                  0x8 (size before relaxing)
                0x0800846c                        __exidx_end = .

.rel.dyn        0x0800846c        0x0
 .rel.iplt      0x0800846c        0x0 /opt/st/stm32cubeclt_1.16.0/GNU-tools-for-STM32/bin/../lib/gcc/arm-none-eabi/12.3.1/thumb/v7e-m+fp/hard/crtbegin.o

.preinit_array  0x0800846c        0x0
                0x0800846c                        PROVIDE (__preinit_array_start = .)
 *(.preinit_array*)
                0x0800846c                        PROVIDE (__preinit_array_end = .)

.init_array     0x0800846c        0x8
                0x0800846c                        PROVIDE (__init_array_start = .)
 *(SORT_BY_NAME(.init_array.*))
 *(.init_array*)
 .init_array    0x0800846c        0x4 /opt/st/stm32cubeclt_1.16.0/GNU-tools-for-STM32/bin/../lib/gcc/arm-none-eabi/12.3.1/thumb/v7e-m+fp/hard/crtbegin.o
 .init_array    0x08008470        0x4 CMakeFiles/odrive_make_project.dir/Src/main.cpp.obj
                0x08008474                        PROVIDE (__init_array_end = .)

.fini_array     0x08008474        0x4
                [!provide]                        PROVIDE (__fini_array_start = .)
 *(SORT_BY_NAME(.fini_array.*))
 *(.fini_array*)
 .fini_array    0x08008474        0x4 /opt/st/stm32cubeclt_1.16.0/GNU-tools-for-STM32/bin/../lib/gcc/arm-none-eabi/12.3.1/thumb/v7e-m+fp/hard/crtbegin.o
                [!provide]                        PROVIDE (__fini_array_end = .)
                0x08008478                        _sidata = LOADADDR (.data)

.data           0x20000000       0x64 load address 0x08008478
                0x20000000                        . = ALIGN (0x4)
                0x20000000                        _sdata = .
 *(.data)
 *(.data*)
 .data.masterTx
                0x20000000        0x2 CMakeFiles/odrive_make_project.dir/Src/main.cpp.obj
                0x20000000                masterTx
 *fill*         0x20000002        0x2 
 .data.slaveTx  0x20000004        0x2 CMakeFiles/odrive_make_project.dir/Src/main.cpp.obj
                0x20000004                slaveTx
 *fill*         0x20000006        0x2 
 .data.uwTickPrio
                0x20000008        0x4 CMakeFiles/odrive_make_project.dir/Drivers/STM32F4xx_HAL_Driver/Src/stm32f4xx_hal.c.obj
                0x20000008                uwTickPrio
 .data.uwTickFreq
                0x2000000c        0x1 CMakeFiles/odrive_make_project.dir/Drivers/STM32F4xx_HAL_Driver/Src/stm32f4xx_hal.c.obj
                0x2000000c                uwTickFreq
 *fill*         0x2000000d        0x3 
 .data.SystemCoreClock
                0x20000010        0x4 CMakeFiles/odrive_make_project.dir/Core/Src/system_stm32f4xx.c.obj
                0x20000010                SystemCoreClock
 .data._impure_ptr
                0x20000014        0x4 /opt/st/stm32cubeclt_1.16.0/GNU-tools-for-STM32/bin/../lib/gcc/arm-none-eabi/12.3.1/../../../../arm-none-eabi/lib/thumb/v7e-m+fp/hard/libc_nano.a(libc_a-impure.o)
                0x20000014                _impure_ptr
 .data._impure_data
                0x20000018       0x4c /opt/st/stm32cubeclt_1.16.0/GNU-tools-for-STM32/bin/../lib/gcc/arm-none-eabi/12.3.1/../../../../arm-none-eabi/lib/thumb/v7e-m+fp/hard/libc_nano.a(libc_a-impure.o)
                0x20000018                _impure_data
                0x20000064                        . = ALIGN (0x4)
                0x20000064                        _edata = .

.igot.plt       0x20000064        0x0 load address 0x080084dc
 .igot.plt      0x20000064        0x0 /opt/st/stm32cubeclt_1.16.0/GNU-tools-for-STM32/bin/../lib/gcc/arm-none-eabi/12.3.1/thumb/v7e-m+fp/hard/crtbegin.o
                0x20000064                        . = ALIGN (0x4)

.bss            0x20000064      0x588 load address 0x080084dc
                0x20000064                        _sbss = .
                0x20000064                        __bss_start__ = _sbss
 *(.bss)
 .bss           0x20000064       0x1c /opt/st/stm32cubeclt_1.16.0/GNU-tools-for-STM32/bin/../lib/gcc/arm-none-eabi/12.3.1/thumb/v7e-m+fp/hard/crtbegin.o
 *(.bss*)
 .bss.masterRx  0x20000080        0x2 CMakeFiles/odrive_make_project.dir/Src/main.cpp.obj
                0x20000080                masterRx
 *fill*         0x20000082        0x2 
 .bss.slaveRx   0x20000084        0x2 CMakeFiles/odrive_make_project.dir/Src/main.cpp.obj
                0x20000084                slaveRx
 *fill*         0x20000086        0x2 
 .bss.led_pwm   0x20000088        0xc CMakeFiles/odrive_make_project.dir/Src/main.cpp.obj
                0x20000088                led_pwm
 .bss.phaseUVW  0x20000094       0x18 CMakeFiles/odrive_make_project.dir/Src/main.cpp.obj
                0x20000094                phaseUVW
 .bss.led1      0x200000ac        0x8 CMakeFiles/odrive_make_project.dir/Src/main.cpp.obj
                0x200000ac                led1
 .bss.uartCommunication
                0x200000b4        0x4 CMakeFiles/odrive_make_project.dir/Src/main.cpp.obj
                0x200000b4                uartCommunication
 .bss.masterReady
                0x200000b8        0x1 CMakeFiles/odrive_make_project.dir/Src/main.cpp.obj
                0x200000b8                masterReady
 .bss.slaveReady
                0x200000b9        0x1 CMakeFiles/odrive_make_project.dir/Src/main.cpp.obj
                0x200000b9                slaveReady
 *fill*         0x200000ba        0x2 
 .bss.hspi2     0x200000bc       0x58 CMakeFiles/odrive_make_project.dir/Core/Src/spi.c.obj
                0x200000bc                hspi2
 .bss.hspi3     0x20000114       0x58 CMakeFiles/odrive_make_project.dir/Core/Src/spi.c.obj
                0x20000114                hspi3
 .bss.hdma_spi2_tx
                0x2000016c       0x60 CMakeFiles/odrive_make_project.dir/Core/Src/spi.c.obj
                0x2000016c                hdma_spi2_tx
 .bss.hdma_spi2_rx
                0x200001cc       0x60 CMakeFiles/odrive_make_project.dir/Core/Src/spi.c.obj
                0x200001cc                hdma_spi2_rx
 .bss.hdma_spi3_rx
                0x2000022c       0x60 CMakeFiles/odrive_make_project.dir/Core/Src/spi.c.obj
                0x2000022c                hdma_spi3_rx
 .bss.hdma_spi3_tx
                0x2000028c       0x60 CMakeFiles/odrive_make_project.dir/Core/Src/spi.c.obj
                0x2000028c                hdma_spi3_tx
 .bss.htim1     0x200002ec       0x48 CMakeFiles/odrive_make_project.dir/Core/Src/tim.c.obj
                0x200002ec                htim1
 .bss.htim2     0x20000334       0x48 CMakeFiles/odrive_make_project.dir/Core/Src/tim.c.obj
                0x20000334                htim2
 .bss.htim6     0x2000037c       0x48 CMakeFiles/odrive_make_project.dir/Core/Src/tim.c.obj
                0x2000037c                htim6
 .bss.htim7     0x200003c4       0x48 CMakeFiles/odrive_make_project.dir/Core/Src/tim.c.obj
                0x200003c4                htim7
 .bss.htim10    0x2000040c       0x48 CMakeFiles/odrive_make_project.dir/Core/Src/tim.c.obj
                0x2000040c                htim10
 .bss.huart2    0x20000454       0x48 CMakeFiles/odrive_make_project.dir/Core/Src/usart.c.obj
                0x20000454                huart2
 .bss.uwTick    0x2000049c        0x4 CMakeFiles/odrive_make_project.dir/Drivers/STM32F4xx_HAL_Driver/Src/stm32f4xx_hal.c.obj
                0x2000049c                uwTick
 .bss.__sbrk_heap_end
                0x200004a0        0x4 CMakeFiles/odrive_make_project.dir/Core/Src/sysmem.c.obj
 .bss.__sf      0x200004a4      0x138 /opt/st/stm32cubeclt_1.16.0/GNU-tools-for-STM32/bin/../lib/gcc/arm-none-eabi/12.3.1/../../../../arm-none-eabi/lib/thumb/v7e-m+fp/hard/libc_nano.a(libc_a-findfp.o)
                0x200004a4                __sf
 .bss.errno     0x200005dc        0x4 /opt/st/stm32cubeclt_1.16.0/GNU-tools-for-STM32/bin/../lib/gcc/arm-none-eabi/12.3.1/../../../../arm-none-eabi/lib/thumb/v7e-m+fp/hard/libc_nano.a(libc_a-reent.o)
                0x200005dc                errno
 .bss.__lock___malloc_recursive_mutex
                0x200005e0        0x1 /opt/st/stm32cubeclt_1.16.0/GNU-tools-for-STM32/bin/../lib/gcc/arm-none-eabi/12.3.1/../../../../arm-none-eabi/lib/thumb/v7e-m+fp/hard/libc_nano.a(libc_a-lock.o)
                0x200005e0                __lock___malloc_recursive_mutex
 *fill*         0x200005e1        0x3 
 .bss.__malloc_sbrk_start
                0x200005e4        0x4 /opt/st/stm32cubeclt_1.16.0/GNU-tools-for-STM32/bin/../lib/gcc/arm-none-eabi/12.3.1/../../../../arm-none-eabi/lib/thumb/v7e-m+fp/hard/libc_nano.a(libc_a-mallocr.o)
                0x200005e4                __malloc_sbrk_start
 .bss.__malloc_free_list
                0x200005e8        0x4 /opt/st/stm32cubeclt_1.16.0/GNU-tools-for-STM32/bin/../lib/gcc/arm-none-eabi/12.3.1/../../../../arm-none-eabi/lib/thumb/v7e-m+fp/hard/libc_nano.a(libc_a-mallocr.o)
                0x200005e8                __malloc_free_list
 *(COMMON)
                0x200005ec                        . = ALIGN (0x4)
                0x200005ec                        _ebss = .
                0x200005ec                        __bss_end__ = _ebss

._user_heap_stack
                0x200005ec      0x604 load address 0x080084dc
                0x200005f0                        . = ALIGN (0x8)
 *fill*         0x200005ec        0x4 
                [!provide]                        PROVIDE (end = .)
                0x200005f0                        PROVIDE (_end = .)
                0x200007f0                        . = (. + _Min_Heap_Size)
 *fill*         0x200005f0      0x200 
                0x20000bf0                        . = (. + _Min_Stack_Size)
 *fill*         0x200007f0      0x400 
                0x20000bf0                        . = ALIGN (0x8)

/DISCARD/
 libc.a(*)
 libm.a(*)
 libgcc.a(*)

.ARM.attributes
                0x00000000       0x30
 *(.ARM.attributes)
 .ARM.attributes
                0x00000000       0x22 /opt/st/stm32cubeclt_1.16.0/GNU-tools-for-STM32/bin/../lib/gcc/arm-none-eabi/12.3.1/thumb/v7e-m+fp/hard/crti.o
 .ARM.attributes
                0x00000022       0x34 /opt/st/stm32cubeclt_1.16.0/GNU-tools-for-STM32/bin/../lib/gcc/arm-none-eabi/12.3.1/thumb/v7e-m+fp/hard/crtbegin.o
 .ARM.attributes
                0x00000056       0x34 CMakeFiles/odrive_make_project.dir/Src/main.cpp.obj
 .ARM.attributes
                0x0000008a       0x34 CMakeFiles/odrive_make_project.dir/Lib/LED/Src/LED.cpp.obj
 .ARM.attributes
                0x000000be       0x34 CMakeFiles/odrive_make_project.dir/Lib/LED_PWM/Src/LED_PWM.cpp.obj
 .ARM.attributes
                0x000000f2       0x34 CMakeFiles/odrive_make_project.dir/Lib/ThreePhasePWM/Src/ThreePhasePWM.cpp.obj
 .ARM.attributes
                0x00000126       0x34 CMakeFiles/odrive_make_project.dir/Lib/UART/Src/UART_Handler.cpp.obj
 .ARM.attributes
                0x0000015a       0x34 CMakeFiles/odrive_make_project.dir/Core/Src/main.c.obj
 .ARM.attributes
                0x0000018e       0x34 CMakeFiles/odrive_make_project.dir/Core/Src/gpio.c.obj
 .ARM.attributes
                0x000001c2       0x34 CMakeFiles/odrive_make_project.dir/Core/Src/dma.c.obj
 .ARM.attributes
                0x000001f6       0x34 CMakeFiles/odrive_make_project.dir/Core/Src/spi.c.obj
 .ARM.attributes
                0x0000022a       0x34 CMakeFiles/odrive_make_project.dir/Core/Src/tim.c.obj
 .ARM.attributes
                0x0000025e       0x34 CMakeFiles/odrive_make_project.dir/Core/Src/usart.c.obj
 .ARM.attributes
                0x00000292       0x34 CMakeFiles/odrive_make_project.dir/Core/Src/stm32f4xx_it.c.obj
 .ARM.attributes
                0x000002c6       0x34 CMakeFiles/odrive_make_project.dir/Core/Src/stm32f4xx_hal_msp.c.obj
 .ARM.attributes
                0x000002fa       0x34 CMakeFiles/odrive_make_project.dir/Drivers/STM32F4xx_HAL_Driver/Src/stm32f4xx_hal_spi.c.obj
 .ARM.attributes
                0x0000032e       0x34 CMakeFiles/odrive_make_project.dir/Drivers/STM32F4xx_HAL_Driver/Src/stm32f4xx_hal_rcc.c.obj
 .ARM.attributes
                0x00000362       0x34 CMakeFiles/odrive_make_project.dir/Drivers/STM32F4xx_HAL_Driver/Src/stm32f4xx_hal_rcc_ex.c.obj
 .ARM.attributes
                0x00000396       0x34 CMakeFiles/odrive_make_project.dir/Drivers/STM32F4xx_HAL_Driver/Src/stm32f4xx_hal_gpio.c.obj
 .ARM.attributes
                0x000003ca       0x34 CMakeFiles/odrive_make_project.dir/Drivers/STM32F4xx_HAL_Driver/Src/stm32f4xx_hal_dma.c.obj
 .ARM.attributes
                0x000003fe       0x34 CMakeFiles/odrive_make_project.dir/Drivers/STM32F4xx_HAL_Driver/Src/stm32f4xx_hal_cortex.c.obj
 .ARM.attributes
                0x00000432       0x34 CMakeFiles/odrive_make_project.dir/Drivers/STM32F4xx_HAL_Driver/Src/stm32f4xx_hal.c.obj
 .ARM.attributes
                0x00000466       0x34 CMakeFiles/odrive_make_project.dir/Drivers/STM32F4xx_HAL_Driver/Src/stm32f4xx_hal_tim.c.obj
 .ARM.attributes
                0x0000049a       0x34 CMakeFiles/odrive_make_project.dir/Drivers/STM32F4xx_HAL_Driver/Src/stm32f4xx_hal_tim_ex.c.obj
 .ARM.attributes
                0x000004ce       0x34 CMakeFiles/odrive_make_project.dir/Drivers/STM32F4xx_HAL_Driver/Src/stm32f4xx_hal_uart.c.obj
 .ARM.attributes
                0x00000502       0x34 CMakeFiles/odrive_make_project.dir/Core/Src/system_stm32f4xx.c.obj
 .ARM.attributes
                0x00000536       0x34 CMakeFiles/odrive_make_project.dir/Core/Src/sysmem.c.obj
 .ARM.attributes
                0x0000056a       0x21 CMakeFiles/odrive_make_project.dir/startup_stm32f446xx.s.obj
 .ARM.attributes
                0x0000058b       0x34 /opt/st/stm32cubeclt_1.16.0/GNU-tools-for-STM32/bin/../lib/gcc/arm-none-eabi/12.3.1/../../../../arm-none-eabi/lib/thumb/v7e-m+fp/hard/libm.a(libm_a-s_sin.o)
 .ARM.attributes
                0x000005bf       0x34 /opt/st/stm32cubeclt_1.16.0/GNU-tools-for-STM32/bin/../lib/gcc/arm-none-eabi/12.3.1/../../../../arm-none-eabi/lib/thumb/v7e-m+fp/hard/libm.a(libm_a-k_cos.o)
 .ARM.attributes
                0x000005f3       0x34 /opt/st/stm32cubeclt_1.16.0/GNU-tools-for-STM32/bin/../lib/gcc/arm-none-eabi/12.3.1/../../../../arm-none-eabi/lib/thumb/v7e-m+fp/hard/libm.a(libm_a-k_sin.o)
 .ARM.attributes
                0x00000627       0x34 /opt/st/stm32cubeclt_1.16.0/GNU-tools-for-STM32/bin/../lib/gcc/arm-none-eabi/12.3.1/../../../../arm-none-eabi/lib/thumb/v7e-m+fp/hard/libm.a(libm_a-e_rem_pio2.o)
 .ARM.attributes
                0x0000065b       0x34 /opt/st/stm32cubeclt_1.16.0/GNU-tools-for-STM32/bin/../lib/gcc/arm-none-eabi/12.3.1/../../../../arm-none-eabi/lib/thumb/v7e-m+fp/hard/libm.a(libm_a-s_fabs.o)
 .ARM.attributes
                0x0000068f       0x34 /opt/st/stm32cubeclt_1.16.0/GNU-tools-for-STM32/bin/../lib/gcc/arm-none-eabi/12.3.1/../../../../arm-none-eabi/lib/thumb/v7e-m+fp/hard/libm.a(libm_a-k_rem_pio2.o)
 .ARM.attributes
                0x000006c3       0x34 /opt/st/stm32cubeclt_1.16.0/GNU-tools-for-STM32/bin/../lib/gcc/arm-none-eabi/12.3.1/../../../../arm-none-eabi/lib/thumb/v7e-m+fp/hard/libm.a(libm_a-s_scalbn.o)
 .ARM.attributes
                0x000006f7       0x34 /opt/st/stm32cubeclt_1.16.0/GNU-tools-for-STM32/bin/../lib/gcc/arm-none-eabi/12.3.1/../../../../arm-none-eabi/lib/thumb/v7e-m+fp/hard/libm.a(libm_a-s_floor.o)
 .ARM.attributes
                0x0000072b       0x34 /opt/st/stm32cubeclt_1.16.0/GNU-tools-for-STM32/bin/../lib/gcc/arm-none-eabi/12.3.1/../../../../arm-none-eabi/lib/thumb/v7e-m+fp/hard/libc_nano.a(libc_a-findfp.o)
 .ARM.attributes
                0x0000075f       0x34 /opt/st/stm32cubeclt_1.16.0/GNU-tools-for-STM32/bin/../lib/gcc/arm-none-eabi/12.3.1/../../../../arm-none-eabi/lib/thumb/v7e-m+fp/hard/libc_nano.a(libc_a-snprintf.o)
 .ARM.attributes
                0x00000793       0x34 /opt/st/stm32cubeclt_1.16.0/GNU-tools-for-STM32/bin/../lib/gcc/arm-none-eabi/12.3.1/../../../../arm-none-eabi/lib/thumb/v7e-m+fp/hard/libc_nano.a(libc_a-memset.o)
 .ARM.attributes
                0x000007c7       0x34 /opt/st/stm32cubeclt_1.16.0/GNU-tools-for-STM32/bin/../lib/gcc/arm-none-eabi/12.3.1/../../../../arm-none-eabi/lib/thumb/v7e-m+fp/hard/libc_nano.a(libc_a-reent.o)
 .ARM.attributes
                0x000007fb       0x34 /opt/st/stm32cubeclt_1.16.0/GNU-tools-for-STM32/bin/../lib/gcc/arm-none-eabi/12.3.1/../../../../arm-none-eabi/lib/thumb/v7e-m+fp/hard/libc_nano.a(libc_a-impure.o)
 .ARM.attributes
                0x0000082f       0x34 /opt/st/stm32cubeclt_1.16.0/GNU-tools-for-STM32/bin/../lib/gcc/arm-none-eabi/12.3.1/../../../../arm-none-eabi/lib/thumb/v7e-m+fp/hard/libc_nano.a(libc_a-errno.o)
 .ARM.attributes
                0x00000863       0x34 /opt/st/stm32cubeclt_1.16.0/GNU-tools-for-STM32/bin/../lib/gcc/arm-none-eabi/12.3.1/../../../../arm-none-eabi/lib/thumb/v7e-m+fp/hard/libc_nano.a(libc_a-init.o)
 .ARM.attributes
                0x00000897       0x34 /opt/st/stm32cubeclt_1.16.0/GNU-tools-for-STM32/bin/../lib/gcc/arm-none-eabi/12.3.1/../../../../arm-none-eabi/lib/thumb/v7e-m+fp/hard/libc_nano.a(libc_a-lock.o)
 .ARM.attributes
                0x000008cb       0x17 /opt/st/stm32cubeclt_1.16.0/GNU-tools-for-STM32/bin/../lib/gcc/arm-none-eabi/12.3.1/../../../../arm-none-eabi/lib/thumb/v7e-m+fp/hard/libc_nano.a(libc_a-strlen.o)
 .ARM.attributes
                0x000008e2       0x34 /opt/st/stm32cubeclt_1.16.0/GNU-tools-for-STM32/bin/../lib/gcc/arm-none-eabi/12.3.1/../../../../arm-none-eabi/lib/thumb/v7e-m+fp/hard/libc_nano.a(libc_a-freer.o)
 .ARM.attributes
                0x00000916       0x34 /opt/st/stm32cubeclt_1.16.0/GNU-tools-for-STM32/bin/../lib/gcc/arm-none-eabi/12.3.1/../../../../arm-none-eabi/lib/thumb/v7e-m+fp/hard/libc_nano.a(libc_a-mallocr.o)
 .ARM.attributes
                0x0000094a       0x34 /opt/st/stm32cubeclt_1.16.0/GNU-tools-for-STM32/bin/../lib/gcc/arm-none-eabi/12.3.1/../../../../arm-none-eabi/lib/thumb/v7e-m+fp/hard/libc_nano.a(libc_a-mlock.o)
 .ARM.attributes
                0x0000097e       0x34 /opt/st/stm32cubeclt_1.16.0/GNU-tools-for-STM32/bin/../lib/gcc/arm-none-eabi/12.3.1/../../../../arm-none-eabi/lib/thumb/v7e-m+fp/hard/libc_nano.a(libc_a-nano-svfprintf.o)
 .ARM.attributes
                0x000009b2       0x34 /opt/st/stm32cubeclt_1.16.0/GNU-tools-for-STM32/bin/../lib/gcc/arm-none-eabi/12.3.1/../../../../arm-none-eabi/lib/thumb/v7e-m+fp/hard/libc_nano.a(libc_a-nano-vfprintf_i.o)
 .ARM.attributes
                0x000009e6       0x34 /opt/st/stm32cubeclt_1.16.0/GNU-tools-for-STM32/bin/../lib/gcc/arm-none-eabi/12.3.1/../../../../arm-none-eabi/lib/thumb/v7e-m+fp/hard/libc_nano.a(libc_a-memmove.o)
 .ARM.attributes
                0x00000a1a       0x34 /opt/st/stm32cubeclt_1.16.0/GNU-tools-for-STM32/bin/../lib/gcc/arm-none-eabi/12.3.1/../../../../arm-none-eabi/lib/thumb/v7e-m+fp/hard/libc_nano.a(libc_a-sbrkr.o)
 .ARM.attributes
                0x00000a4e       0x1c /opt/st/stm32cubeclt_1.16.0/GNU-tools-for-STM32/bin/../lib/gcc/arm-none-eabi/12.3.1/../../../../arm-none-eabi/lib/thumb/v7e-m+fp/hard/libc_nano.a(libc_a-memchr.o)
 .ARM.attributes
                0x00000a6a       0x34 /opt/st/stm32cubeclt_1.16.0/GNU-tools-for-STM32/bin/../lib/gcc/arm-none-eabi/12.3.1/../../../../arm-none-eabi/lib/thumb/v7e-m+fp/hard/libc_nano.a(libc_a-memcpy-stub.o)
 .ARM.attributes
                0x00000a9e       0x34 /opt/st/stm32cubeclt_1.16.0/GNU-tools-for-STM32/bin/../lib/gcc/arm-none-eabi/12.3.1/../../../../arm-none-eabi/lib/thumb/v7e-m+fp/hard/libc_nano.a(libc_a-reallocr.o)
 .ARM.attributes
                0x00000ad2       0x34 /opt/st/stm32cubeclt_1.16.0/GNU-tools-for-STM32/bin/../lib/gcc/arm-none-eabi/12.3.1/../../../../arm-none-eabi/lib/thumb/v7e-m+fp/hard/libc_nano.a(libc_a-msizer.o)
 .ARM.attributes
                0x00000b06       0x22 /opt/st/stm32cubeclt_1.16.0/GNU-tools-for-STM32/bin/../lib/gcc/arm-none-eabi/12.3.1/thumb/v7e-m+fp/hard/libgcc.a(_arm_addsubdf3.o)
 .ARM.attributes
                0x00000b28       0x22 /opt/st/stm32cubeclt_1.16.0/GNU-tools-for-STM32/bin/../lib/gcc/arm-none-eabi/12.3.1/thumb/v7e-m+fp/hard/libgcc.a(_arm_muldivdf3.o)
 .ARM.attributes
                0x00000b4a       0x22 /opt/st/stm32cubeclt_1.16.0/GNU-tools-for-STM32/bin/../lib/gcc/arm-none-eabi/12.3.1/thumb/v7e-m+fp/hard/libgcc.a(_arm_cmpdf2.o)
 .ARM.attributes
                0x00000b6c       0x22 /opt/st/stm32cubeclt_1.16.0/GNU-tools-for-STM32/bin/../lib/gcc/arm-none-eabi/12.3.1/thumb/v7e-m+fp/hard/libgcc.a(_arm_fixdfsi.o)
 .ARM.attributes
                0x00000b8e       0x22 /opt/st/stm32cubeclt_1.16.0/GNU-tools-for-STM32/bin/../lib/gcc/arm-none-eabi/12.3.1/thumb/v7e-m+fp/hard/libgcc.a(_arm_fixunsdfsi.o)
 .ARM.attributes
                0x00000bb0       0x22 /opt/st/stm32cubeclt_1.16.0/GNU-tools-for-STM32/bin/../lib/gcc/arm-none-eabi/12.3.1/thumb/v7e-m+fp/hard/libgcc.a(_arm_truncdfsf2.o)
 .ARM.attributes
                0x00000bd2       0x22 /opt/st/stm32cubeclt_1.16.0/GNU-tools-for-STM32/bin/../lib/gcc/arm-none-eabi/12.3.1/thumb/v7e-m+fp/hard/libgcc.a(_aeabi_uldivmod.o)
 .ARM.attributes
                0x00000bf4       0x34 /opt/st/stm32cubeclt_1.16.0/GNU-tools-for-STM32/bin/../lib/gcc/arm-none-eabi/12.3.1/thumb/v7e-m+fp/hard/libgcc.a(_udivmoddi4.o)
 .ARM.attributes
                0x00000c28       0x22 /opt/st/stm32cubeclt_1.16.0/GNU-tools-for-STM32/bin/../lib/gcc/arm-none-eabi/12.3.1/thumb/v7e-m+fp/hard/libgcc.a(_dvmd_tls.o)
 .ARM.attributes
                0x00000c4a       0x22 /opt/st/stm32cubeclt_1.16.0/GNU-tools-for-STM32/bin/../lib/gcc/arm-none-eabi/12.3.1/thumb/v7e-m+fp/hard/crtn.o
OUTPUT(odrive_make_project.elf elf32-littlearm)
LOAD linker stubs
LOAD /opt/st/stm32cubeclt_1.16.0/GNU-tools-for-STM32/bin/../lib/gcc/arm-none-eabi/12.3.1/../../../../arm-none-eabi/lib/thumb/v7e-m+fp/hard/libc.a
LOAD /opt/st/stm32cubeclt_1.16.0/GNU-tools-for-STM32/bin/../lib/gcc/arm-none-eabi/12.3.1/../../../../arm-none-eabi/lib/thumb/v7e-m+fp/hard/libm.a
LOAD /opt/st/stm32cubeclt_1.16.0/GNU-tools-for-STM32/bin/../lib/gcc/arm-none-eabi/12.3.1/thumb/v7e-m+fp/hard/libgcc.a

.debug_info     0x00000000    0x145ab
 .debug_info    0x00000000     0x212f CMakeFiles/odrive_make_project.dir/Src/main.cpp.obj
 .debug_info    0x0000212f      0x322 CMakeFiles/odrive_make_project.dir/Lib/LED/Src/LED.cpp.obj
 .debug_info    0x00002451      0x9b5 CMakeFiles/odrive_make_project.dir/Lib/LED_PWM/Src/LED_PWM.cpp.obj
 .debug_info    0x00002e06      0xa02 CMakeFiles/odrive_make_project.dir/Lib/ThreePhasePWM/Src/ThreePhasePWM.cpp.obj
 .debug_info    0x00003808      0x70a CMakeFiles/odrive_make_project.dir/Lib/UART/Src/UART_Handler.cpp.obj
 .debug_info    0x00003f12      0x54f CMakeFiles/odrive_make_project.dir/Core/Src/main.c.obj
 .debug_info    0x00004461      0x439 CMakeFiles/odrive_make_project.dir/Core/Src/gpio.c.obj
 .debug_info    0x0000489a      0x4fb CMakeFiles/odrive_make_project.dir/Core/Src/dma.c.obj
 .debug_info    0x00004d95      0xd2a CMakeFiles/odrive_make_project.dir/Core/Src/spi.c.obj
 .debug_info    0x00005abf     0x1106 CMakeFiles/odrive_make_project.dir/Core/Src/tim.c.obj
 .debug_info    0x00006bc5      0x94d CMakeFiles/odrive_make_project.dir/Core/Src/usart.c.obj
 .debug_info    0x00007512      0xa9d CMakeFiles/odrive_make_project.dir/Core/Src/stm32f4xx_it.c.obj
 .debug_info    0x00007faf      0x299 CMakeFiles/odrive_make_project.dir/Core/Src/stm32f4xx_hal_msp.c.obj
 .debug_info    0x00008248     0x1525 CMakeFiles/odrive_make_project.dir/Drivers/STM32F4xx_HAL_Driver/Src/stm32f4xx_hal_spi.c.obj
 .debug_info    0x0000976d      0x8ff CMakeFiles/odrive_make_project.dir/Drivers/STM32F4xx_HAL_Driver/Src/stm32f4xx_hal_rcc.c.obj
 .debug_info    0x0000a06c      0x960 CMakeFiles/odrive_make_project.dir/Drivers/STM32F4xx_HAL_Driver/Src/stm32f4xx_hal_rcc_ex.c.obj
 .debug_info    0x0000a9cc      0x70b CMakeFiles/odrive_make_project.dir/Drivers/STM32F4xx_HAL_Driver/Src/stm32f4xx_hal_gpio.c.obj
 .debug_info    0x0000b0d7      0x8e7 CMakeFiles/odrive_make_project.dir/Drivers/STM32F4xx_HAL_Driver/Src/stm32f4xx_hal_dma.c.obj
 .debug_info    0x0000b9be      0xdaa CMakeFiles/odrive_make_project.dir/Drivers/STM32F4xx_HAL_Driver/Src/stm32f4xx_hal_cortex.c.obj
 .debug_info    0x0000c768      0x99a CMakeFiles/odrive_make_project.dir/Drivers/STM32F4xx_HAL_Driver/Src/stm32f4xx_hal.c.obj
 .debug_info    0x0000d102     0x299d CMakeFiles/odrive_make_project.dir/Drivers/STM32F4xx_HAL_Driver/Src/stm32f4xx_hal_tim.c.obj
 .debug_info    0x0000fa9f     0x14db CMakeFiles/odrive_make_project.dir/Drivers/STM32F4xx_HAL_Driver/Src/stm32f4xx_hal_tim_ex.c.obj
 .debug_info    0x00010f7a     0x2f4f CMakeFiles/odrive_make_project.dir/Drivers/STM32F4xx_HAL_Driver/Src/stm32f4xx_hal_uart.c.obj
 .debug_info    0x00013ec9      0x54a CMakeFiles/odrive_make_project.dir/Core/Src/system_stm32f4xx.c.obj
 .debug_info    0x00014413      0x168 CMakeFiles/odrive_make_project.dir/Core/Src/sysmem.c.obj
 .debug_info    0x0001457b       0x30 CMakeFiles/odrive_make_project.dir/startup_stm32f446xx.s.obj

.debug_abbrev   0x00000000     0x3771
 .debug_abbrev  0x00000000      0x4cb CMakeFiles/odrive_make_project.dir/Src/main.cpp.obj
 .debug_abbrev  0x000004cb      0x206 CMakeFiles/odrive_make_project.dir/Lib/LED/Src/LED.cpp.obj
 .debug_abbrev  0x000006d1      0x314 CMakeFiles/odrive_make_project.dir/Lib/LED_PWM/Src/LED_PWM.cpp.obj
 .debug_abbrev  0x000009e5      0x316 CMakeFiles/odrive_make_project.dir/Lib/ThreePhasePWM/Src/ThreePhasePWM.cpp.obj
 .debug_abbrev  0x00000cfb      0x205 CMakeFiles/odrive_make_project.dir/Lib/UART/Src/UART_Handler.cpp.obj
 .debug_abbrev  0x00000f00      0x1f8 CMakeFiles/odrive_make_project.dir/Core/Src/main.c.obj
 .debug_abbrev  0x000010f8      0x152 CMakeFiles/odrive_make_project.dir/Core/Src/gpio.c.obj
 .debug_abbrev  0x0000124a      0x10e CMakeFiles/odrive_make_project.dir/Core/Src/dma.c.obj
 .debug_abbrev  0x00001358      0x25e CMakeFiles/odrive_make_project.dir/Core/Src/spi.c.obj
 .debug_abbrev  0x000015b6      0x274 CMakeFiles/odrive_make_project.dir/Core/Src/tim.c.obj
 .debug_abbrev  0x0000182a      0x1f9 CMakeFiles/odrive_make_project.dir/Core/Src/usart.c.obj
 .debug_abbrev  0x00001a23      0x1c8 CMakeFiles/odrive_make_project.dir/Core/Src/stm32f4xx_it.c.obj
 .debug_abbrev  0x00001beb       0xd8 CMakeFiles/odrive_make_project.dir/Core/Src/stm32f4xx_hal_msp.c.obj
 .debug_abbrev  0x00001cc3      0x27a CMakeFiles/odrive_make_project.dir/Drivers/STM32F4xx_HAL_Driver/Src/stm32f4xx_hal_spi.c.obj
 .debug_abbrev  0x00001f3d      0x2b7 CMakeFiles/odrive_make_project.dir/Drivers/STM32F4xx_HAL_Driver/Src/stm32f4xx_hal_rcc.c.obj
 .debug_abbrev  0x000021f4      0x211 CMakeFiles/odrive_make_project.dir/Drivers/STM32F4xx_HAL_Driver/Src/stm32f4xx_hal_rcc_ex.c.obj
 .debug_abbrev  0x00002405      0x1d4 CMakeFiles/odrive_make_project.dir/Drivers/STM32F4xx_HAL_Driver/Src/stm32f4xx_hal_gpio.c.obj
 .debug_abbrev  0x000025d9      0x264 CMakeFiles/odrive_make_project.dir/Drivers/STM32F4xx_HAL_Driver/Src/stm32f4xx_hal_dma.c.obj
 .debug_abbrev  0x0000283d      0x31d CMakeFiles/odrive_make_project.dir/Drivers/STM32F4xx_HAL_Driver/Src/stm32f4xx_hal_cortex.c.obj
 .debug_abbrev  0x00002b5a      0x214 CMakeFiles/odrive_make_project.dir/Drivers/STM32F4xx_HAL_Driver/Src/stm32f4xx_hal.c.obj
 .debug_abbrev  0x00002d6e      0x278 CMakeFiles/odrive_make_project.dir/Drivers/STM32F4xx_HAL_Driver/Src/stm32f4xx_hal_tim.c.obj
 .debug_abbrev  0x00002fe6      0x283 CMakeFiles/odrive_make_project.dir/Drivers/STM32F4xx_HAL_Driver/Src/stm32f4xx_hal_tim_ex.c.obj
 .debug_abbrev  0x00003269      0x30e CMakeFiles/odrive_make_project.dir/Drivers/STM32F4xx_HAL_Driver/Src/stm32f4xx_hal_uart.c.obj
 .debug_abbrev  0x00003577      0x11a CMakeFiles/odrive_make_project.dir/Core/Src/system_stm32f4xx.c.obj
 .debug_abbrev  0x00003691       0xbc CMakeFiles/odrive_make_project.dir/Core/Src/sysmem.c.obj
 .debug_abbrev  0x0000374d       0x24 CMakeFiles/odrive_make_project.dir/startup_stm32f446xx.s.obj

.debug_aranges  0x00000000     0x10b8
 .debug_aranges
                0x00000000       0x68 CMakeFiles/odrive_make_project.dir/Src/main.cpp.obj
 .debug_aranges
                0x00000068       0x38 CMakeFiles/odrive_make_project.dir/Lib/LED/Src/LED.cpp.obj
 .debug_aranges
                0x000000a0       0x38 CMakeFiles/odrive_make_project.dir/Lib/LED_PWM/Src/LED_PWM.cpp.obj
 .debug_aranges
                0x000000d8       0x38 CMakeFiles/odrive_make_project.dir/Lib/ThreePhasePWM/Src/ThreePhasePWM.cpp.obj
 .debug_aranges
                0x00000110       0x28 CMakeFiles/odrive_make_project.dir/Lib/UART/Src/UART_Handler.cpp.obj
 .debug_aranges
                0x00000138       0x30 CMakeFiles/odrive_make_project.dir/Core/Src/main.c.obj
 .debug_aranges
                0x00000168       0x20 CMakeFiles/odrive_make_project.dir/Core/Src/gpio.c.obj
 .debug_aranges
                0x00000188       0x20 CMakeFiles/odrive_make_project.dir/Core/Src/dma.c.obj
 .debug_aranges
                0x000001a8       0x38 CMakeFiles/odrive_make_project.dir/Core/Src/spi.c.obj
 .debug_aranges
                0x000001e0       0x58 CMakeFiles/odrive_make_project.dir/Core/Src/tim.c.obj
 .debug_aranges
                0x00000238       0x30 CMakeFiles/odrive_make_project.dir/Core/Src/usart.c.obj
 .debug_aranges
                0x00000268       0xa8 CMakeFiles/odrive_make_project.dir/Core/Src/stm32f4xx_it.c.obj
 .debug_aranges
                0x00000310       0x20 CMakeFiles/odrive_make_project.dir/Core/Src/stm32f4xx_hal_msp.c.obj
 .debug_aranges
                0x00000330      0x1d0 CMakeFiles/odrive_make_project.dir/Drivers/STM32F4xx_HAL_Driver/Src/stm32f4xx_hal_spi.c.obj
 .debug_aranges
                0x00000500       0x88 CMakeFiles/odrive_make_project.dir/Drivers/STM32F4xx_HAL_Driver/Src/stm32f4xx_hal_rcc.c.obj
 .debug_aranges
                0x00000588       0x78 CMakeFiles/odrive_make_project.dir/Drivers/STM32F4xx_HAL_Driver/Src/stm32f4xx_hal_rcc_ex.c.obj
 .debug_aranges
                0x00000600       0x58 CMakeFiles/odrive_make_project.dir/Drivers/STM32F4xx_HAL_Driver/Src/stm32f4xx_hal_gpio.c.obj
 .debug_aranges
                0x00000658       0x90 CMakeFiles/odrive_make_project.dir/Drivers/STM32F4xx_HAL_Driver/Src/stm32f4xx_hal_dma.c.obj
 .debug_aranges
                0x000006e8      0x130 CMakeFiles/odrive_make_project.dir/Drivers/STM32F4xx_HAL_Driver/Src/stm32f4xx_hal_cortex.c.obj
 .debug_aranges
                0x00000818       0xf0 CMakeFiles/odrive_make_project.dir/Drivers/STM32F4xx_HAL_Driver/Src/stm32f4xx_hal.c.obj
 .debug_aranges
                0x00000908      0x3d0 CMakeFiles/odrive_make_project.dir/Drivers/STM32F4xx_HAL_Driver/Src/stm32f4xx_hal_tim.c.obj
 .debug_aranges
                0x00000cd8      0x168 CMakeFiles/odrive_make_project.dir/Drivers/STM32F4xx_HAL_Driver/Src/stm32f4xx_hal_tim_ex.c.obj
 .debug_aranges
                0x00000e40      0x208 CMakeFiles/odrive_make_project.dir/Drivers/STM32F4xx_HAL_Driver/Src/stm32f4xx_hal_uart.c.obj
 .debug_aranges
                0x00001048       0x28 CMakeFiles/odrive_make_project.dir/Core/Src/system_stm32f4xx.c.obj
 .debug_aranges
                0x00001070       0x20 CMakeFiles/odrive_make_project.dir/Core/Src/sysmem.c.obj
 .debug_aranges
                0x00001090       0x28 CMakeFiles/odrive_make_project.dir/startup_stm32f446xx.s.obj

.debug_rnglists
                0x00000000      0xce5
 .debug_rnglists
                0x00000000       0x4b CMakeFiles/odrive_make_project.dir/Src/main.cpp.obj
 .debug_rnglists
                0x0000004b       0x25 CMakeFiles/odrive_make_project.dir/Lib/LED/Src/LED.cpp.obj
 .debug_rnglists
                0x00000070       0x27 CMakeFiles/odrive_make_project.dir/Lib/LED_PWM/Src/LED_PWM.cpp.obj
 .debug_rnglists
                0x00000097       0x27 CMakeFiles/odrive_make_project.dir/Lib/ThreePhasePWM/Src/ThreePhasePWM.cpp.obj
 .debug_rnglists
                0x000000be       0x19 CMakeFiles/odrive_make_project.dir/Lib/UART/Src/UART_Handler.cpp.obj
 .debug_rnglists
                0x000000d7       0x20 CMakeFiles/odrive_make_project.dir/Core/Src/main.c.obj
 .debug_rnglists
                0x000000f7       0x14 CMakeFiles/odrive_make_project.dir/Core/Src/gpio.c.obj
 .debug_rnglists
                0x0000010b       0x13 CMakeFiles/odrive_make_project.dir/Core/Src/dma.c.obj
 .debug_rnglists
                0x0000011e       0x27 CMakeFiles/odrive_make_project.dir/Core/Src/spi.c.obj
 .debug_rnglists
                0x00000145       0x42 CMakeFiles/odrive_make_project.dir/Core/Src/tim.c.obj
 .debug_rnglists
                0x00000187       0x20 CMakeFiles/odrive_make_project.dir/Core/Src/usart.c.obj
 .debug_rnglists
                0x000001a7       0x79 CMakeFiles/odrive_make_project.dir/Core/Src/stm32f4xx_it.c.obj
 .debug_rnglists
                0x00000220       0x13 CMakeFiles/odrive_make_project.dir/Core/Src/stm32f4xx_hal_msp.c.obj
 .debug_rnglists
                0x00000233      0x16f CMakeFiles/odrive_make_project.dir/Drivers/STM32F4xx_HAL_Driver/Src/stm32f4xx_hal_spi.c.obj
 .debug_rnglists
                0x000003a2       0x66 CMakeFiles/odrive_make_project.dir/Drivers/STM32F4xx_HAL_Driver/Src/stm32f4xx_hal_rcc.c.obj
 .debug_rnglists
                0x00000408       0x5e CMakeFiles/odrive_make_project.dir/Drivers/STM32F4xx_HAL_Driver/Src/stm32f4xx_hal_rcc_ex.c.obj
 .debug_rnglists
                0x00000466       0x3f CMakeFiles/odrive_make_project.dir/Drivers/STM32F4xx_HAL_Driver/Src/stm32f4xx_hal_gpio.c.obj
 .debug_rnglists
                0x000004a5       0x70 CMakeFiles/odrive_make_project.dir/Drivers/STM32F4xx_HAL_Driver/Src/stm32f4xx_hal_dma.c.obj
 .debug_rnglists
                0x00000515       0xe0 CMakeFiles/odrive_make_project.dir/Drivers/STM32F4xx_HAL_Driver/Src/stm32f4xx_hal_cortex.c.obj
 .debug_rnglists
                0x000005f5       0xaf CMakeFiles/odrive_make_project.dir/Drivers/STM32F4xx_HAL_Driver/Src/stm32f4xx_hal.c.obj
 .debug_rnglists
                0x000006a4      0x31a CMakeFiles/odrive_make_project.dir/Drivers/STM32F4xx_HAL_Driver/Src/stm32f4xx_hal_tim.c.obj
 .debug_rnglists
                0x000009be      0x125 CMakeFiles/odrive_make_project.dir/Drivers/STM32F4xx_HAL_Driver/Src/stm32f4xx_hal_tim_ex.c.obj
 .debug_rnglists
                0x00000ae3      0x1bc CMakeFiles/odrive_make_project.dir/Drivers/STM32F4xx_HAL_Driver/Src/stm32f4xx_hal_uart.c.obj
 .debug_rnglists
                0x00000c9f       0x1a CMakeFiles/odrive_make_project.dir/Core/Src/system_stm32f4xx.c.obj
 .debug_rnglists
                0x00000cb9       0x13 CMakeFiles/odrive_make_project.dir/Core/Src/sysmem.c.obj
 .debug_rnglists
                0x00000ccc       0x19 CMakeFiles/odrive_make_project.dir/startup_stm32f446xx.s.obj

.debug_macro    0x00000000    0x27753
 .debug_macro   0x00000000      0x567 CMakeFiles/odrive_make_project.dir/Src/main.cpp.obj
 .debug_macro   0x00000567      0xc58 CMakeFiles/odrive_make_project.dir/Src/main.cpp.obj
 .debug_macro   0x000011bf      0x2a1 CMakeFiles/odrive_make_project.dir/Src/main.cpp.obj
 .debug_macro   0x00001460       0x2e CMakeFiles/odrive_make_project.dir/Src/main.cpp.obj
 .debug_macro   0x0000148e       0x28 CMakeFiles/odrive_make_project.dir/Src/main.cpp.obj
 .debug_macro   0x000014b6       0x1c CMakeFiles/odrive_make_project.dir/Src/main.cpp.obj
 .debug_macro   0x000014d2       0x22 CMakeFiles/odrive_make_project.dir/Src/main.cpp.obj
 .debug_macro   0x000014f4       0x56 CMakeFiles/odrive_make_project.dir/Src/main.cpp.obj
 .debug_macro   0x0000154a       0x51 CMakeFiles/odrive_make_project.dir/Src/main.cpp.obj
 .debug_macro   0x0000159b      0x103 CMakeFiles/odrive_make_project.dir/Src/main.cpp.obj
 .debug_macro   0x0000169e       0x6a CMakeFiles/odrive_make_project.dir/Src/main.cpp.obj
 .debug_macro   0x00001708      0x1df CMakeFiles/odrive_make_project.dir/Src/main.cpp.obj
 .debug_macro   0x000018e7       0x1c CMakeFiles/odrive_make_project.dir/Src/main.cpp.obj
 .debug_macro   0x00001903       0x22 CMakeFiles/odrive_make_project.dir/Src/main.cpp.obj
 .debug_macro   0x00001925       0xfb CMakeFiles/odrive_make_project.dir/Src/main.cpp.obj
 .debug_macro   0x00001a20     0x1011 CMakeFiles/odrive_make_project.dir/Src/main.cpp.obj
 .debug_macro   0x00002a31      0x11f CMakeFiles/odrive_make_project.dir/Src/main.cpp.obj
 .debug_macro   0x00002b50    0x1675e CMakeFiles/odrive_make_project.dir/Src/main.cpp.obj
 .debug_macro   0x000192ae       0x6d CMakeFiles/odrive_make_project.dir/Src/main.cpp.obj
 .debug_macro   0x0001931b     0x3693 CMakeFiles/odrive_make_project.dir/Src/main.cpp.obj
 .debug_macro   0x0001c9ae      0x190 CMakeFiles/odrive_make_project.dir/Src/main.cpp.obj
 .debug_macro   0x0001cb3e       0x5c CMakeFiles/odrive_make_project.dir/Src/main.cpp.obj
 .debug_macro   0x0001cb9a      0xca5 CMakeFiles/odrive_make_project.dir/Src/main.cpp.obj
 .debug_macro   0x0001d83f      0x9e9 CMakeFiles/odrive_make_project.dir/Src/main.cpp.obj
 .debug_macro   0x0001e228      0x115 CMakeFiles/odrive_make_project.dir/Src/main.cpp.obj
 .debug_macro   0x0001e33d      0x1a0 CMakeFiles/odrive_make_project.dir/Src/main.cpp.obj
 .debug_macro   0x0001e4dd       0xa5 CMakeFiles/odrive_make_project.dir/Src/main.cpp.obj
 .debug_macro   0x0001e582      0x16d CMakeFiles/odrive_make_project.dir/Src/main.cpp.obj
 .debug_macro   0x0001e6ef      0x287 CMakeFiles/odrive_make_project.dir/Src/main.cpp.obj
 .debug_macro   0x0001e976       0x5f CMakeFiles/odrive_make_project.dir/Src/main.cpp.obj
 .debug_macro   0x0001e9d5      0x236 CMakeFiles/odrive_make_project.dir/Src/main.cpp.obj
 .debug_macro   0x0001ec0b      0x132 CMakeFiles/odrive_make_project.dir/Src/main.cpp.obj
 .debug_macro   0x0001ed3d      0x29c CMakeFiles/odrive_make_project.dir/Src/main.cpp.obj
 .debug_macro   0x0001efd9       0x2e CMakeFiles/odrive_make_project.dir/Src/main.cpp.obj
 .debug_macro   0x0001f007      0x127 CMakeFiles/odrive_make_project.dir/Src/main.cpp.obj
 .debug_macro   0x0001f12e       0xe8 CMakeFiles/odrive_make_project.dir/Src/main.cpp.obj
 .debug_macro   0x0001f216       0x89 CMakeFiles/odrive_make_project.dir/Src/main.cpp.obj
 .debug_macro   0x0001f29f      0x225 CMakeFiles/odrive_make_project.dir/Src/main.cpp.obj
 .debug_macro   0x0001f4c4      0x8ed CMakeFiles/odrive_make_project.dir/Src/main.cpp.obj
 .debug_macro   0x0001fdb1       0x53 CMakeFiles/odrive_make_project.dir/Src/main.cpp.obj
 .debug_macro   0x0001fe04      0x2aa CMakeFiles/odrive_make_project.dir/Src/main.cpp.obj
 .debug_macro   0x000200ae      0x126 CMakeFiles/odrive_make_project.dir/Src/main.cpp.obj
 .debug_macro   0x000201d4       0x6a CMakeFiles/odrive_make_project.dir/Src/main.cpp.obj
 .debug_macro   0x0002023e      0x1d5 CMakeFiles/odrive_make_project.dir/Src/main.cpp.obj
 .debug_macro   0x00020413       0x10 CMakeFiles/odrive_make_project.dir/Src/main.cpp.obj
 .debug_macro   0x00020423       0xcf CMakeFiles/odrive_make_project.dir/Src/main.cpp.obj
 .debug_macro   0x000204f2      0x103 CMakeFiles/odrive_make_project.dir/Src/main.cpp.obj
 .debug_macro   0x000205f5      0x37d CMakeFiles/odrive_make_project.dir/Src/main.cpp.obj
 .debug_macro   0x00020972       0x18 CMakeFiles/odrive_make_project.dir/Src/main.cpp.obj